Archive member included to satisfy reference by file (symbol)

C:/Users/trafa/.pico-sdk/toolchain/13_3_Rel1/bin/../lib/gcc/arm-none-eabi/13.3.1/thumb/v6-m/nofp\libgcc.a(_dvmd_tls.o)
                              CMakeFiles/display_oled.dir/C_/Users/trafa/.pico-sdk/sdk/1.5.1/src/rp2_common/pico_divider/divider.S.obj (__aeabi_idiv0)
C:/Users/trafa/.pico-sdk/toolchain/13_3_Rel1/bin/../lib/gcc/arm-none-eabi/13.3.1/thumb/v6-m/nofp\libc.a(libc_a-calloc.o)
                              CMakeFiles/display_oled.dir/C_/Users/trafa/.pico-sdk/sdk/1.5.1/src/rp2_common/pico_malloc/pico_malloc.c.obj (calloc)
C:/Users/trafa/.pico-sdk/toolchain/13_3_Rel1/bin/../lib/gcc/arm-none-eabi/13.3.1/thumb/v6-m/nofp\libc.a(libc_a-callocr.o)
                              C:/Users/trafa/.pico-sdk/toolchain/13_3_Rel1/bin/../lib/gcc/arm-none-eabi/13.3.1/thumb/v6-m/nofp\libc.a(libc_a-calloc.o) (_calloc_r)
C:/Users/trafa/.pico-sdk/toolchain/13_3_Rel1/bin/../lib/gcc/arm-none-eabi/13.3.1/thumb/v6-m/nofp\libc.a(libc_a-malloc.o)
                              CMakeFiles/display_oled.dir/C_/Users/trafa/.pico-sdk/sdk/1.5.1/src/rp2_common/pico_malloc/pico_malloc.c.obj (malloc)
C:/Users/trafa/.pico-sdk/toolchain/13_3_Rel1/bin/../lib/gcc/arm-none-eabi/13.3.1/thumb/v6-m/nofp\libc.a(libc_a-mallocr.o)
                              C:/Users/trafa/.pico-sdk/toolchain/13_3_Rel1/bin/../lib/gcc/arm-none-eabi/13.3.1/thumb/v6-m/nofp\libc.a(libc_a-callocr.o) (_malloc_r)
C:/Users/trafa/.pico-sdk/toolchain/13_3_Rel1/bin/../lib/gcc/arm-none-eabi/13.3.1/thumb/v6-m/nofp\libc.a(libc_a-mlock.o)
                              C:/Users/trafa/.pico-sdk/toolchain/13_3_Rel1/bin/../lib/gcc/arm-none-eabi/13.3.1/thumb/v6-m/nofp\libc.a(libc_a-mallocr.o) (__malloc_lock)
C:/Users/trafa/.pico-sdk/toolchain/13_3_Rel1/bin/../lib/gcc/arm-none-eabi/13.3.1/thumb/v6-m/nofp\libc.a(libc_a-realloc.o)
                              CMakeFiles/display_oled.dir/C_/Users/trafa/.pico-sdk/sdk/1.5.1/src/rp2_common/pico_malloc/pico_malloc.c.obj (realloc)
C:/Users/trafa/.pico-sdk/toolchain/13_3_Rel1/bin/../lib/gcc/arm-none-eabi/13.3.1/thumb/v6-m/nofp\libc.a(libc_a-reallocr.o)
                              C:/Users/trafa/.pico-sdk/toolchain/13_3_Rel1/bin/../lib/gcc/arm-none-eabi/13.3.1/thumb/v6-m/nofp\libc.a(libc_a-realloc.o) (_realloc_r)
C:/Users/trafa/.pico-sdk/toolchain/13_3_Rel1/bin/../lib/gcc/arm-none-eabi/13.3.1/thumb/v6-m/nofp\libc.a(libc_a-ctype_.o)
                              CMakeFiles/display_oled.dir/inc/ssd1306_i2c.c.obj (_ctype_)
C:/Users/trafa/.pico-sdk/toolchain/13_3_Rel1/bin/../lib/gcc/arm-none-eabi/13.3.1/thumb/v6-m/nofp\libc.a(libc_a-memmove.o)
                              C:/Users/trafa/.pico-sdk/toolchain/13_3_Rel1/bin/../lib/gcc/arm-none-eabi/13.3.1/thumb/v6-m/nofp\libc.a(libc_a-reallocr.o) (memmove)
C:/Users/trafa/.pico-sdk/toolchain/13_3_Rel1/bin/../lib/gcc/arm-none-eabi/13.3.1/thumb/v6-m/nofp\libc.a(libc_a-impure.o)
                              C:/Users/trafa/.pico-sdk/toolchain/13_3_Rel1/bin/../lib/gcc/arm-none-eabi/13.3.1/thumb/v6-m/nofp\libc.a(libc_a-calloc.o) (_impure_ptr)
C:/Users/trafa/.pico-sdk/toolchain/13_3_Rel1/bin/../lib/gcc/arm-none-eabi/13.3.1/thumb/v6-m/nofp\libc.a(libc_a-sbrkr.o)
                              C:/Users/trafa/.pico-sdk/toolchain/13_3_Rel1/bin/../lib/gcc/arm-none-eabi/13.3.1/thumb/v6-m/nofp\libc.a(libc_a-mallocr.o) (_sbrk_r)
C:/Users/trafa/.pico-sdk/toolchain/13_3_Rel1/bin/../lib/gcc/arm-none-eabi/13.3.1/thumb/v6-m/nofp\libc.a(libc_a-errno.o)
                              C:/Users/trafa/.pico-sdk/toolchain/13_3_Rel1/bin/../lib/gcc/arm-none-eabi/13.3.1/thumb/v6-m/nofp\libc.a(libc_a-callocr.o) (__errno)
C:/Users/trafa/.pico-sdk/toolchain/13_3_Rel1/bin/../lib/gcc/arm-none-eabi/13.3.1/thumb/v6-m/nofp\libc.a(libc_a-init.o)
                              C:/Users/trafa/.pico-sdk/toolchain/13_3_Rel1/bin/../lib/gcc/arm-none-eabi/13.3.1/thumb/v6-m/nofp/crt0.o (__libc_init_array)
C:/Users/trafa/.pico-sdk/toolchain/13_3_Rel1/bin/../lib/gcc/arm-none-eabi/13.3.1/thumb/v6-m/nofp\libc.a(libc_a-lock.o)
                              C:/Users/trafa/.pico-sdk/toolchain/13_3_Rel1/bin/../lib/gcc/arm-none-eabi/13.3.1/thumb/v6-m/nofp\libc.a(libc_a-mlock.o) (__retarget_lock_acquire_recursive)
C:/Users/trafa/.pico-sdk/toolchain/13_3_Rel1/bin/../lib/gcc/arm-none-eabi/13.3.1/thumb/v6-m/nofp\libc.a(libc_a-sysconf.o)
                              C:/Users/trafa/.pico-sdk/toolchain/13_3_Rel1/bin/../lib/gcc/arm-none-eabi/13.3.1/thumb/v6-m/nofp\libc.a(libc_a-mallocr.o) (sysconf)
C:/Users/trafa/.pico-sdk/toolchain/13_3_Rel1/bin/../lib/gcc/arm-none-eabi/13.3.1/thumb/v6-m/nofp\libc.a(libc_a-strlen-stub.o)
                              CMakeFiles/display_oled.dir/C_/Users/trafa/.pico-sdk/sdk/1.5.1/src/rp2_common/pico_stdio/stdio.c.obj (strlen)
C:/Users/trafa/.pico-sdk/toolchain/13_3_Rel1/bin/../lib/gcc/arm-none-eabi/13.3.1/thumb/v6-m/nofp\libc.a(libc_a-freer.o)
[...]
Memory Configuration

Name             Origin             Length             Attributes
FLASH            0x10000000         0x00200000         xr
RAM              0x20000000         0x00040000         xrw
SCRATCH_X        0x20040000         0x00001000         xrw
SCRATCH_Y        0x20041000         0x00001000         xrw
*default*        0x00000000         0xffffffff

Linker script and memory map

LOAD C:/Users/trafa/.pico-sdk/toolchain/13_3_Rel1/bin/../lib/gcc/arm-none-eabi/13.3.1/thumb/v6-m/nofp/crti.o
LOAD C:/Users/trafa/.pico-sdk/toolchain/13_3_Rel1/bin/../lib/gcc/arm-none-eabi/13.3.1/thumb/v6-m/nofp/crtbegin.o
LOAD C:/Users/trafa/.pico-sdk/toolchain/13_3_Rel1/bin/../lib/gcc/arm-none-eabi/13.3.1/thumb/v6-m/nofp/crt0.o

.flash_begin    0x10000000        0x0
                0x10000000                        __flash_binary_start = .

.boot2          0x10000000      0x100
                0x10000000                        __boot2_start__ = .
 *(.boot2)
 .boot2         0x10000000      0x100 C:\Users\trafa\AppData\Local\Temp\ccSGbskH.o
                0x10000100                        __boot2_end__ = .
                0x00000001                        ASSERT (((__boot2_end__ - __boot2_start__) == 0x100), ERROR: Pico second stage bootloader must be 256 bytes in size)

.text           0x10000100     0x54a0
                0x10000100                        __logical_binary_start = .
 *(.vectors)
 .vectors       0x10000100       0xd4 CMakeFiles/display_oled.dir/C_/Users/trafa/.pico-sdk/sdk/1.5.1/src/rp2_common/pico_standard_link/crt0.S.obj
                0x10000100                __VECTOR_TABLE
                0x10000100                __vectors
                0x100001c0                isr_invalid
                0x100001c0                __default_isrs_start
                0x100001c2                isr_nmi
                0x100001c4                isr_hardfault
                0x100001c6                isr_svcall
                0x100001c8                isr_pendsv
                0x100001ca                isr_systick
                0x100001cc                isr_irq23
                0x100001cc                isr_irq18
                0x100001cc                isr_irq11
                0x100001cc                isr_irq28
                0x100001cc                isr_irq19
                0x100001cc                isr_irq0
                0x100001cc                isr_irq6
                0x100001cc                isr_irq5
                0x100001cc                isr_irq12
                0x100001cc                isr_irq22
                0x100001cc                isr_irq31
                0x100001cc                isr_irq17
                0x100001cc                isr_irq27
                0x100001cc                isr_irq30
                0x100001cc                isr_irq2
                0x100001cc                isr_irq10
                0x100001cc                isr_irq8
                0x100001cc                isr_irq24
                0x100001cc                isr_irq1
                0x100001cc                isr_irq7
                0x100001cc                isr_irq21
                0x100001cc                isr_irq20
                0x100001cc                isr_irq15
                0x100001cc                isr_irq25
                0x100001cc                isr_irq13
                0x100001cc                __unhandled_user_irq
                0x100001cc                isr_irq4
                0x100001cc                isr_irq16
                0x100001cc                isr_irq29
                0x100001cc                isr_irq26
                0x100001cc                __default_isrs_end
                0x100001cc                isr_irq3
                0x100001cc                isr_irq14
                0x100001cc                isr_irq9
                0x100001d2                unhandled_user_irq_num_in_r0
 *(.binary_info_header)
 .binary_info_header
                0x100001d4       0x14 CMakeFiles/display_oled.dir/C_/Users/trafa/.pico-sdk/sdk/1.5.1/src/rp2_common/pico_standard_link/crt0.S.obj
                0x100001e8                        __binary_info_header_end = .
 *(.reset)
 .reset         0x100001e8       0xa0 CMakeFiles/display_oled.dir/C_/Users/trafa/.pico-sdk/sdk/1.5.1/src/rp2_common/pico_standard_link/crt0.S.obj
                0x100001e8                _entry_point
 .reset         0x10000288       0x30 CMakeFiles/display_oled.dir/C_/Users/trafa/.pico-sdk/sdk/1.5.1/src/rp2_common/pico_standard_link/binary_info.c.obj
 *(.init)
 .init          0x100002b8        0x4 C:/Users/trafa/.pico-sdk/toolchain/13_3_Rel1/bin/../lib/gcc/arm-none-eabi/13.3.1/thumb/v6-m/nofp/crti.o
                0x100002b8                _init
 *(EXCLUDE_FILE(*libm.a: *libc.a:*lib_a-mem*.o *libgcc.a:) .text*)
 .text.register_tm_clones
                0x100002bc       0x28 C:/Users/trafa/.pico-sdk/toolchain/13_3_Rel1/bin/../lib/gcc/arm-none-eabi/13.3.1/thumb/v6-m/nofp/crtbegin.o
 .text.frame_dummy
                0x100002e4       0x24 C:/Users/trafa/.pico-sdk/toolchain/13_3_Rel1/bin/../lib/gcc/arm-none-eabi/13.3.1/thumb/v6-m/nofp/crtbegin.o
 .text.startup.main
                0x10000308      0x290 CMakeFiles/display_oled.dir/display_oled.c.obj
                0x10000308                main
 .text.calculate_render_area_buffer_length
                0x10000598       0x18 CMakeFiles/display_oled.dir/inc/ssd1306_i2c.c.obj
                0x10000598                calculate_render_area_buffer_length
 .text.ssd1306_init
                0x100005b0       0x58 CMakeFiles/display_oled.dir/inc/ssd1306_i2c.c.obj
                0x100005b0                ssd1306_init
 .text.render_on_display
                0x10000608       0x98 CMakeFiles/display_oled.dir/inc/ssd1306_i2c.c.obj
                0x10000608                render_on_display
 .text.ssd1306_draw_string
                0x100006a0       0xd8 CMakeFiles/display_oled.dir/inc/ssd1306_i2c.c.obj
                0x100006a0                ssd1306_draw_string
 .text.gpio_set_function
                0x10000778       0x30 CMakeFiles/display_oled.dir/C_/Users/trafa/.pico-sdk/sdk/1.5.1/src/rp2_common/hardware_gpio/gpio.c.obj
                0x10000778                gpio_set_function
 .text.gpio_set_pulls
                0x100007a8       0x24 CMakeFiles/display_oled.dir/C_/Users/trafa/.pico-sdk/sdk/1.5.1/src/rp2_common/hardware_gpio/gpio.c.obj
                0x100007a8                gpio_set_pulls
 .text.gpio_init
                0x100007cc       0x3c CMakeFiles/display_oled.dir/C_/Users/trafa/.pico-sdk/sdk/1.5.1/src/rp2_common/hardware_gpio/gpio.c.obj
                0x100007cc                gpio_init
 .text.running_on_fpga
                0x10000808       0x10 CMakeFiles/display_oled.dir/C_/Users/trafa/.pico-sdk/sdk/1.5.1/src/rp2_common/pico_platform/platform.c.obj
                0x10000808                running_on_fpga
 .text.hw_claim_or_assert
                0x10000818       0x44 CMakeFiles/display_oled.dir/C_/Users/trafa/.pico-sdk/sdk/1.5.1/src/rp2_common/hardware_claim/claim.c.obj
                0x10000818                hw_claim_or_assert
 .text.hw_claim_unused_from_range
                0x1000085c       0x9c CMakeFiles/display_oled.dir/C_/Users/trafa/.pico-sdk/sdk/1.5.1/src/rp2_common/hardware_claim/claim.c.obj
                0x1000085c                hw_claim_unused_from_range
 .text.spin_locks_reset
                0x100008f8       0x1c CMakeFiles/display_oled.dir/C_/Users/trafa/.pico-sdk/sdk/1.5.1/src/rp2_common/hardware_sync/sync.c.obj
                0x100008f8                spin_locks_reset
 .text.next_striped_spin_lock_num
                0x10000914       0x18 CMakeFiles/display_oled.dir/C_/Users/trafa/.pico-sdk/sdk/1.5.1/src/rp2_common/hardware_sync/sync.c.obj
                0x10000914                next_striped_spin_lock_num
 .text.spin_lock_claim_unused
                0x1000092c       0x24 CMakeFiles/display_oled.dir/C_/Users/trafa/.pico-sdk/sdk/1.5.1/src/rp2_common/hardware_sync/sync.c.obj
                0x1000092c                spin_lock_claim_unused
 .text.irq_set_enabled
                0x10000950       0x24 CMakeFiles/display_oled.dir/C_/Users/trafa/.pico-sdk/sdk/1.5.1/src/rp2_common/hardware_irq/irq.c.obj
                0x10000950                irq_set_enabled
 .text.irq_set_pending
                0x10000974       0x10 CMakeFiles/display_oled.dir/C_/Users/trafa/.pico-sdk/sdk/1.5.1/src/rp2_common/hardware_irq/irq.c.obj
                0x10000974                irq_set_pending
 .text.irq_has_shared_handler
                0x10000984       0x2c CMakeFiles/display_oled.dir/C_/Users/trafa/.pico-sdk/sdk/1.5.1/src/rp2_common/hardware_irq/irq.c.obj
                0x10000984                irq_has_shared_handler
 .text.irq_get_vtable_handler
                0x100009b0       0x10 CMakeFiles/display_oled.dir/C_/Users/trafa/.pico-sdk/sdk/1.5.1/src/rp2_common/hardware_irq/irq.c.obj
                0x100009b0                irq_get_vtable_handler
 .text.irq_set_exclusive_handler
                0x100009c0       0x54 CMakeFiles/display_oled.dir/C_/Users/trafa/.pico-sdk/sdk/1.5.1/src/rp2_common/hardware_irq/irq.c.obj
                0x100009c0                irq_set_exclusive_handler
 .text.irq_add_shared_handler
                0x10000a14      0x1f4 CMakeFiles/display_oled.dir/C_/Users/trafa/.pico-sdk/sdk/1.5.1/src/rp2_common/hardware_irq/irq.c.obj
                0x10000a14                irq_add_shared_handler
 .text.irq_remove_handler
                0x10000c08      0x1c4 CMakeFiles/display_oled.dir/C_/Users/trafa/.pico-sdk/sdk/1.5.1/src/rp2_common/hardware_irq/irq.c.obj
                0x10000c08                irq_remove_handler
 .text.irq_add_tail_to_free_list
                0x10000dcc       0xb4 CMakeFiles/display_oled.dir/C_/Users/trafa/.pico-sdk/sdk/1.5.1/src/rp2_common/hardware_irq/irq.c.obj
                0x10000dcc                irq_add_tail_to_free_list
 .text.irq_init_priorities
                0x10000e80       0x24 CMakeFiles/display_oled.dir/C_/Users/trafa/.pico-sdk/sdk/1.5.1/src/rp2_common/hardware_irq/irq.c.obj
                0x10000e80                irq_init_priorities
 .text.user_irq_claim_unused
                0x10000ea4       0x2c CMakeFiles/display_oled.dir/C_/Users/trafa/.pico-sdk/sdk/1.5.1/src/rp2_common/hardware_irq/irq.c.obj
                0x10000ea4                user_irq_claim_unused
 .text.lock_init
                0x10000ed0       0x10 CMakeFiles/display_oled.dir/C_/Users/trafa/.pico-sdk/sdk/1.5.1/src/common/pico_sync/lock_core.c.obj
                0x10000ed0                lock_init
 .text.mutex_init
                0x10000ee0       0x1c CMakeFiles/display_oled.dir/C_/Users/trafa/.pico-sdk/sdk/1.5.1/src/common/pico_sync/mutex.c.obj
                0x10000ee0                mutex_init
 .text.recursive_mutex_init
                0x10000efc       0x1c CMakeFiles/display_oled.dir/C_/Users/trafa/.pico-sdk/sdk/1.5.1/src/common/pico_sync/mutex.c.obj
                0x10000efc                recursive_mutex_init
 .text.critical_section_init
                0x10000f18       0x1c CMakeFiles/display_oled.dir/C_/Users/trafa/.pico-sdk/sdk/1.5.1/src/common/pico_sync/critical_section.c.obj
                0x10000f18                critical_section_init
 .text.critical_section_init_with_lock_num
                0x10000f34       0x14 CMakeFiles/display_oled.dir/C_/Users/trafa/.pico-sdk/sdk/1.5.1/src/common/pico_sync/critical_section.c.obj
                0x10000f34                critical_section_init_with_lock_num
 .text.timer_pool_entry_comparator
                0x10000f48       0x34 CMakeFiles/display_oled.dir/C_/Users/trafa/.pico-sdk/sdk/1.5.1/src/common/pico_time/time.c.obj
                0x10000f48                timer_pool_entry_comparator
 .text.sleep_until_callback
                0x10000f7c       0x30 CMakeFiles/display_oled.dir/C_/Users/trafa/.pico-sdk/sdk/1.5.1/src/common/pico_time/time.c.obj
 .text.add_alarm_under_lock.isra.0
                0x10000fac      0x100 CMakeFiles/display_oled.dir/C_/Users/trafa/.pico-sdk/sdk/1.5.1/src/common/pico_time/time.c.obj
 .text.alarm_pool_alarm_callback
                0x100010ac      0x1c0 CMakeFiles/display_oled.dir/C_/Users/trafa/.pico-sdk/sdk/1.5.1/src/common/pico_time/time.c.obj
 .text.alarm_pool_init_default
                0x1000126c       0x6c CMakeFiles/display_oled.dir/C_/Users/trafa/.pico-sdk/sdk/1.5.1/src/common/pico_time/time.c.obj
                0x1000126c                alarm_pool_init_default
 .text.alarm_pool_get_default
                0x100012d8        0x8 CMakeFiles/display_oled.dir/C_/Users/trafa/.pico-sdk/sdk/1.5.1/src/common/pico_time/time.c.obj
                0x100012d8                alarm_pool_get_default
 .text.alarm_pool_add_alarm_at
                0x100012e0      0x17c CMakeFiles/display_oled.dir/C_/Users/trafa/.pico-sdk/sdk/1.5.1/src/common/pico_time/time.c.obj
                0x100012e0                alarm_pool_add_alarm_at
 .text.alarm_pool_core_num
                0x1000145c        0x4 CMakeFiles/display_oled.dir/C_/Users/trafa/.pico-sdk/sdk/1.5.1/src/common/pico_time/time.c.obj
                0x1000145c                alarm_pool_core_num
 .text.sleep_until
                0x10001460       0xc4 CMakeFiles/display_oled.dir/C_/Users/trafa/.pico-sdk/sdk/1.5.1/src/common/pico_time/time.c.obj
                0x10001460                sleep_until
 .text.sleep_ms
                0x10001524       0x38 CMakeFiles/display_oled.dir/C_/Users/trafa/.pico-sdk/sdk/1.5.1/src/common/pico_time/time.c.obj
                0x10001524                sleep_ms
 .text.best_effort_wfe_or_timeout
                0x1000155c       0xcc CMakeFiles/display_oled.dir/C_/Users/trafa/.pico-sdk/sdk/1.5.1/src/common/pico_time/time.c.obj
                0x1000155c                best_effort_wfe_or_timeout
 .text.hardware_alarm_irq_handler
                0x10001628       0xbc CMakeFiles/display_oled.dir/C_/Users/trafa/.pico-sdk/sdk/1.5.1/src/rp2_common/hardware_timer/timer.c.obj
 .text.hardware_alarm_claim
                0x100016e4       0x18 CMakeFiles/display_oled.dir/C_/Users/trafa/.pico-sdk/sdk/1.5.1/src/rp2_common/hardware_timer/timer.c.obj
                0x100016e4                hardware_alarm_claim
 .text.time_us_64
                0x100016fc       0x14 CMakeFiles/display_oled.dir/C_/Users/trafa/.pico-sdk/sdk/1.5.1/src/rp2_common/hardware_timer/timer.c.obj
                0x100016fc                time_us_64
 .text.busy_wait_until
                0x10001710       0x20 CMakeFiles/display_oled.dir/C_/Users/trafa/.pico-sdk/sdk/1.5.1/src/rp2_common/hardware_timer/timer.c.obj
                0x10001710                busy_wait_until
 .text.hardware_alarm_set_callback
                0x10001730       0x8c CMakeFiles/display_oled.dir/C_/Users/trafa/.pico-sdk/sdk/1.5.1/src/rp2_common/hardware_timer/timer.c.obj
                0x10001730                hardware_alarm_set_callback
 .text.hardware_alarm_set_target
                0x100017bc       0xd0 CMakeFiles/display_oled.dir/C_/Users/trafa/.pico-sdk/sdk/1.5.1/src/rp2_common/hardware_timer/timer.c.obj
                0x100017bc                hardware_alarm_set_target
 .text.hardware_alarm_cancel
                0x1000188c       0x3c CMakeFiles/display_oled.dir/C_/Users/trafa/.pico-sdk/sdk/1.5.1/src/rp2_common/hardware_timer/timer.c.obj
                0x1000188c                hardware_alarm_cancel
 .text.ph_merge_nodes
                0x100018c8       0x58 CMakeFiles/display_oled.dir/C_/Users/trafa/.pico-sdk/sdk/1.5.1/src/common/pico_util/pheap.c.obj
 .text.ph_post_alloc_init
                0x10001920       0x3c CMakeFiles/display_oled.dir/C_/Users/trafa/.pico-sdk/sdk/1.5.1/src/common/pico_util/pheap.c.obj
                0x10001920                ph_post_alloc_init
 .text.ph_merge_two_pass
                0x1000195c       0x8c CMakeFiles/display_oled.dir/C_/Users/trafa/.pico-sdk/sdk/1.5.1/src/common/pico_util/pheap.c.obj
                0x1000195c                ph_merge_two_pass
 .text.ph_remove_any_head
                0x100019e8      0x100 CMakeFiles/display_oled.dir/C_/Users/trafa/.pico-sdk/sdk/1.5.1/src/common/pico_util/pheap.c.obj
 .text.ph_remove_head
                0x10001ae8      0x104 CMakeFiles/display_oled.dir/C_/Users/trafa/.pico-sdk/sdk/1.5.1/src/common/pico_util/pheap.c.obj
                0x10001ae8                ph_remove_head
 .text.ph_remove_and_free_node
                0x10001bec       0x78 CMakeFiles/display_oled.dir/C_/Users/trafa/.pico-sdk/sdk/1.5.1/src/common/pico_util/pheap.c.obj
                0x10001bec                ph_remove_and_free_node
 .text.clocks_init
                0x10001c64      0x2c8 CMakeFiles/display_oled.dir/C_/Users/trafa/.pico-sdk/sdk/1.5.1/src/rp2_common/hardware_clocks/clocks.c.obj
                0x10001c64                clocks_init
 .text.clock_get_hz
                0x10001f2c        0xc CMakeFiles/display_oled.dir/C_/Users/trafa/.pico-sdk/sdk/1.5.1/src/rp2_common/hardware_clocks/clocks.c.obj
                0x10001f2c                clock_get_hz
 .text.pll_init
                0x10001f38       0xa4 CMakeFiles/display_oled.dir/C_/Users/trafa/.pico-sdk/sdk/1.5.1/src/rp2_common/hardware_pll/pll.c.obj
                0x10001f38                pll_init
 .text.watchdog_start_tick
                0x10001fdc       0x10 CMakeFiles/display_oled.dir/C_/Users/trafa/.pico-sdk/sdk/1.5.1/src/rp2_common/hardware_watchdog/watchdog.c.obj
                0x10001fdc                watchdog_start_tick
 .text.watchdog_reboot
                0x10001fec       0x9c CMakeFiles/display_oled.dir/C_/Users/trafa/.pico-sdk/sdk/1.5.1/src/rp2_common/hardware_watchdog/watchdog.c.obj
                0x10001fec                watchdog_reboot
 .text.xosc_init
                0x10002088       0x28 CMakeFiles/display_oled.dir/C_/Users/trafa/.pico-sdk/sdk/1.5.1/src/rp2_common/hardware_xosc/xosc.c.obj
                0x10002088                xosc_init
 .text.runtime_init
                0x100020b0       0xf0 CMakeFiles/display_oled.dir/C_/Users/trafa/.pico-sdk/sdk/1.5.1/src/rp2_common/pico_runtime/runtime.c.obj
                0x100020b0                runtime_init
 .text._exit    0x100021a0        0x4 CMakeFiles/display_oled.dir/C_/Users/trafa/.pico-sdk/sdk/1.5.1/src/rp2_common/pico_runtime/runtime.c.obj
                0x100021a0                _exit
 .text._sbrk    0x100021a4       0x34 CMakeFiles/display_oled.dir/C_/Users/trafa/.pico-sdk/sdk/1.5.1/src/rp2_common/pico_runtime/runtime.c.obj
                0x100021a4                _sbrk
 .text.exit     0x100021d8        0x8 CMakeFiles/display_oled.dir/C_/Users/trafa/.pico-sdk/sdk/1.5.1/src/rp2_common/pico_runtime/runtime.c.obj
                0x100021d8                exit
 .text.panic    0x100021e0       0x30 CMakeFiles/display_oled.dir/C_/Users/trafa/.pico-sdk/sdk/1.5.1/src/rp2_common/pico_runtime/runtime.c.obj
                0x100021e0                panic
 .text.hard_assertion_failure
                0x10002210        0xc CMakeFiles/display_oled.dir/C_/Users/trafa/.pico-sdk/sdk/1.5.1/src/rp2_common/pico_runtime/runtime.c.obj
                0x10002210                hard_assertion_failure
 .text._out_char
                0x1000221c       0x10 CMakeFiles/display_oled.dir/C_/Users/trafa/.pico-sdk/sdk/1.5.1/src/rp2_common/pico_printf/printf.c.obj
 .text.weak_raw_vprintf
                0x1000222c       0x30 CMakeFiles/display_oled.dir/C_/Users/trafa/.pico-sdk/sdk/1.5.1/src/rp2_common/pico_printf/printf.c.obj
                0x1000222c                weak_raw_vprintf
 .text          0x1000225c       0x10 CMakeFiles/display_oled.dir/C_/Users/trafa/.pico-sdk/sdk/1.5.1/src/rp2_common/pico_bit_ops/bit_ops_aeabi.S.obj
 .text.rom_func_lookup
                0x1000226c       0x10 CMakeFiles/display_oled.dir/C_/Users/trafa/.pico-sdk/sdk/1.5.1/src/rp2_common/pico_bootrom/bootrom.c.obj
                0x1000226c                rom_func_lookup
 .text.rom_data_lookup
                0x1000227c       0x10 CMakeFiles/display_oled.dir/C_/Users/trafa/.pico-sdk/sdk/1.5.1/src/rp2_common/pico_bootrom/bootrom.c.obj
                0x1000227c                rom_data_lookup
 .text.rom_funcs_lookup
                0x1000228c       0x44 CMakeFiles/display_oled.dir/C_/Users/trafa/.pico-sdk/sdk/1.5.1/src/rp2_common/pico_bootrom/bootrom.c.obj
                0x1000228c                rom_funcs_lookup
 .text.__wrap___aeabi_uidiv
                0x100022d0       0x4c CMakeFiles/display_oled.dir/C_/Users/trafa/.pico-sdk/sdk/1.5.1/src/rp2_common/pico_divider/divider.S.obj
                0x100022d0                __wrap___aeabi_uidiv
                0x100022d0                __wrap___aeabi_uidivmod
                0x100022d0                div_u32u32
                0x100022d0                divmod_u32u32
                0x100022d8                divmod_u32u32_unsafe
                0x10002300                divmod_u32u32_savestate
 .text.missing_double_func_shim
                0x1000231c        0xc CMakeFiles/display_oled.dir/C_/Users/trafa/.pico-sdk/sdk/1.5.1/src/rp2_common/pico_double/double_init_rom.c.obj
 .text.__aeabi_double_init
                0x10002328       0x94 CMakeFiles/display_oled.dir/C_/Users/trafa/.pico-sdk/sdk/1.5.1/src/rp2_common/pico_double/double_init_rom.c.obj
                0x10002328                __aeabi_double_init
 .text.double_table_shim_on_use_helper
                0x100023bc       0x2c CMakeFiles/display_oled.dir/C_/Users/trafa/.pico-sdk/sdk/1.5.1/src/rp2_common/pico_double/double_v1_rom_shim.S.obj
                0x100023bc                double_table_shim_on_use_helper
 .text.__aeabi_lmul
                0x100023e8       0x32 CMakeFiles/display_oled.dir/C_/Users/trafa/.pico-sdk/sdk/1.5.1/src/rp2_common/pico_int64_ops/pico_int64_ops_aeabi.S.obj
                0x100023e8                __wrap___aeabi_lmul
 *fill*         0x1000241a        0x2 
 .text.missing_float_func_shim
                0x1000241c        0xc CMakeFiles/display_oled.dir/C_/Users/trafa/.pico-sdk/sdk/1.5.1/src/rp2_common/pico_float/float_init_rom.c.obj
 .text.__aeabi_float_init
                0x10002428       0x5c CMakeFiles/display_oled.dir/C_/Users/trafa/.pico-sdk/sdk/1.5.1/src/rp2_common/pico_float/float_init_rom.c.obj
                0x10002428                __aeabi_float_init
 .text.__wrap_malloc
                0x10002484       0x24 CMakeFiles/display_oled.dir/C_/Users/trafa/.pico-sdk/sdk/1.5.1/src/rp2_common/pico_malloc/pico_malloc.c.obj
                0x10002484                __wrap_malloc
 .text.__wrap_free
                0x100024a8        0x8 CMakeFiles/display_oled.dir/C_/Users/trafa/.pico-sdk/sdk/1.5.1/src/rp2_common/pico_malloc/pico_malloc.c.obj
                0x100024a8                __wrap_free
 .text          0x100024b0       0x10 CMakeFiles/display_oled.dir/C_/Users/trafa/.pico-sdk/sdk/1.5.1/src/rp2_common/pico_mem_ops/mem_ops_aeabi.S.obj
                0x100024b0                __aeabi_mem_init
 .text.memset   0x100024c0        0xc CMakeFiles/display_oled.dir/C_/Users/trafa/.pico-sdk/sdk/1.5.1/src/rp2_common/pico_mem_ops/mem_ops_aeabi.S.obj
                0x100024c0                __wrap_memset
 .text.memcpy   0x100024cc        0xc CMakeFiles/display_oled.dir/C_/Users/trafa/.pico-sdk/sdk/1.5.1/src/rp2_common/pico_mem_ops/mem_ops_aeabi.S.obj
                0x100024cc                __wrap_memcpy
                0x100024cc                __wrap___aeabi_memcpy
 .text.stdio_out_chars_crlf
                0x100024d8       0x94 CMakeFiles/display_oled.dir/C_/Users/trafa/.pico-sdk/sdk/1.5.1/src/rp2_common/pico_stdio/stdio.c.obj
 .text.__wrap_putchar
                0x1000256c       0x98 CMakeFiles/display_oled.dir/C_/Users/trafa/.pico-sdk/sdk/1.5.1/src/rp2_common/pico_stdio/stdio.c.obj
                0x1000256c                __wrap_putchar
 .text.__wrap_puts
                0x10002604       0xe0 CMakeFiles/display_oled.dir/C_/Users/trafa/.pico-sdk/sdk/1.5.1/src/rp2_common/pico_stdio/stdio.c.obj
                0x10002604                __wrap_puts
 .text.stdio_set_driver_enabled
                0x100026e4       0x30 CMakeFiles/display_oled.dir/C_/Users/trafa/.pico-sdk/sdk/1.5.1/src/rp2_common/pico_stdio/stdio.c.obj
                0x100026e4                stdio_set_driver_enabled
 .text.stdio_init_all
                0x10002714        0x8 CMakeFiles/display_oled.dir/C_/Users/trafa/.pico-sdk/sdk/1.5.1/src/rp2_common/pico_stdio/stdio.c.obj
                0x10002714                stdio_init_all
 .text.resetd_init
                0x1000271c        0x4 CMakeFiles/display_oled.dir/C_/Users/trafa/.pico-sdk/sdk/1.5.1/src/rp2_common/pico_stdio_usb/reset_interface.c.obj
 .text.resetd_reset
                0x10002720        0xc CMakeFiles/display_oled.dir/C_/Users/trafa/.pico-sdk/sdk/1.5.1/src/rp2_common/pico_stdio_usb/reset_interface.c.obj
 .text.resetd_open
                0x1000272c       0x28 CMakeFiles/display_oled.dir/C_/Users/trafa/.pico-sdk/sdk/1.5.1/src/rp2_common/pico_stdio_usb/reset_interface.c.obj
 .text.resetd_xfer_cb
                0x10002754        0x4 CMakeFiles/display_oled.dir/C_/Users/trafa/.pico-sdk/sdk/1.5.1/src/rp2_common/pico_stdio_usb/reset_interface.c.obj
 .text.resetd_control_xfer_cb
                0x10002758       0x60 CMakeFiles/display_oled.dir/C_/Users/trafa/.pico-sdk/sdk/1.5.1/src/rp2_common/pico_stdio_usb/reset_interface.c.obj
 .text.usbd_app_driver_get_cb
                0x100027b8        0xc CMakeFiles/display_oled.dir/C_/Users/trafa/.pico-sdk/sdk/1.5.1/src/rp2_common/pico_stdio_usb/reset_interface.c.obj
                0x100027b8                usbd_app_driver_get_cb
 .text.tud_cdc_line_coding_cb
                0x100027c4       0x34 CMakeFiles/display_oled.dir/C_/Users/trafa/.pico-sdk/sdk/1.5.1/src/rp2_common/pico_stdio_usb/reset_interface.c.obj
                0x100027c4                tud_cdc_line_coding_cb
 .text.stdio_usb_set_chars_available_callback
                0x100027f8       0x14 CMakeFiles/display_oled.dir/C_/Users/trafa/.pico-sdk/sdk/1.5.1/src/rp2_common/pico_stdio_usb/stdio_usb.c.obj
                0x100027f8                stdio_usb_set_chars_available_callback
 .text.usb_irq  0x1000280c       0x10 CMakeFiles/display_oled.dir/C_/Users/trafa/.pico-sdk/sdk/1.5.1/src/rp2_common/pico_stdio_usb/stdio_usb.c.obj
 .text.timer_task
                0x1000281c       0x54 CMakeFiles/display_oled.dir/C_/Users/trafa/.pico-sdk/sdk/1.5.1/src/rp2_common/pico_stdio_usb/stdio_usb.c.obj
 .text.stdio_usb_in_chars
                0x10002870       0x90 CMakeFiles/display_oled.dir/C_/Users/trafa/.pico-sdk/sdk/1.5.1/src/rp2_common/pico_stdio_usb/stdio_usb.c.obj
                0x10002870                stdio_usb_in_chars
 .text.stdio_usb_out_chars
                0x10002900      0x104 CMakeFiles/display_oled.dir/C_/Users/trafa/.pico-sdk/sdk/1.5.1/src/rp2_common/pico_stdio_usb/stdio_usb.c.obj
 .text.low_priority_worker_irq
                0x10002a04       0xa8 CMakeFiles/display_oled.dir/C_/Users/trafa/.pico-sdk/sdk/1.5.1/src/rp2_common/pico_stdio_usb/stdio_usb.c.obj
 .text.tud_cdc_rx_cb
                0x10002aac       0x20 CMakeFiles/display_oled.dir/C_/Users/trafa/.pico-sdk/sdk/1.5.1/src/rp2_common/pico_stdio_usb/stdio_usb.c.obj
                0x10002aac                tud_cdc_rx_cb
 .text.stdio_usb_init
                0x10002acc       0xe0 CMakeFiles/display_oled.dir/C_/Users/trafa/.pico-sdk/sdk/1.5.1/src/rp2_common/pico_stdio_usb/stdio_usb.c.obj
                0x10002acc                stdio_usb_init
 .text.tud_descriptor_device_cb
                0x10002bac        0x8 CMakeFiles/display_oled.dir/C_/Users/trafa/.pico-sdk/sdk/1.5.1/src/rp2_common/pico_stdio_usb/stdio_usb_descriptors.c.obj
                0x10002bac                tud_descriptor_device_cb
 .text.tud_descriptor_configuration_cb
                0x10002bb4        0x8 CMakeFiles/display_oled.dir/C_/Users/trafa/.pico-sdk/sdk/1.5.1/src/rp2_common/pico_stdio_usb/stdio_usb_descriptors.c.obj
                0x10002bb4                tud_descriptor_configuration_cb
 .text.tud_descriptor_string_cb
                0x10002bbc       0x78 CMakeFiles/display_oled.dir/C_/Users/trafa/.pico-sdk/sdk/1.5.1/src/rp2_common/pico_stdio_usb/stdio_usb_descriptors.c.obj
                0x10002bbc                tud_descriptor_string_cb
 .text.startup._retrieve_unique_id_on_boot
                0x10002c34       0x10 CMakeFiles/display_oled.dir/C_/Users/trafa/.pico-sdk/sdk/1.5.1/src/rp2_common/pico_unique_id/unique_id.c.obj
 .text.pico_get_unique_board_id_string
                0x10002c44      0x1a8 CMakeFiles/display_oled.dir/C_/Users/trafa/.pico-sdk/sdk/1.5.1/src/rp2_common/pico_unique_id/unique_id.c.obj
                0x10002c44                pico_get_unique_board_id_string
 .text.flash_get_unique_id
                0x10002dec       0x3c CMakeFiles/display_oled.dir/C_/Users/trafa/.pico-sdk/sdk/1.5.1/src/rp2_common/hardware_flash/flash.c.obj
                0x10002dec                flash_get_unique_id
 .text.dcd_int_enable
                0x10002e28        0xc CMakeFiles/display_oled.dir/C_/Users/trafa/.pico-sdk/sdk/1.5.1/lib/tinyusb/src/portable/raspberrypi/rp2040/dcd_rp2040.c.obj
                0x10002e28                dcd_int_enable
 .text.dcd_set_address
                0x10002e34       0x14 CMakeFiles/display_oled.dir/C_/Users/trafa/.pico-sdk/sdk/1.5.1/lib/tinyusb/src/portable/raspberrypi/rp2040/dcd_rp2040.c.obj
                0x10002e34                dcd_set_address
 .text.dcd_connect
                0x10002e48       0x10 CMakeFiles/display_oled.dir/C_/Users/trafa/.pico-sdk/sdk/1.5.1/lib/tinyusb/src/portable/raspberrypi/rp2040/dcd_rp2040.c.obj
                0x10002e48                dcd_connect
 .text.dcd_init
                0x10002e58       0x98 CMakeFiles/display_oled.dir/C_/Users/trafa/.pico-sdk/sdk/1.5.1/lib/tinyusb/src/portable/raspberrypi/rp2040/dcd_rp2040.c.obj
                0x10002e58                dcd_init
 .text.dcd_edpt0_status_complete
                0x10002ef0       0x1c CMakeFiles/display_oled.dir/C_/Users/trafa/.pico-sdk/sdk/1.5.1/lib/tinyusb/src/portable/raspberrypi/rp2040/dcd_rp2040.c.obj
                0x10002ef0                dcd_edpt0_status_complete
 .text.dcd_edpt_open
                0x10002f0c      0x108 CMakeFiles/display_oled.dir/C_/Users/trafa/.pico-sdk/sdk/1.5.1/lib/tinyusb/src/portable/raspberrypi/rp2040/dcd_rp2040.c.obj
                0x10002f0c                dcd_edpt_open
 .text.dcd_edpt_close_all
                0x10003014        0x8 CMakeFiles/display_oled.dir/C_/Users/trafa/.pico-sdk/sdk/1.5.1/lib/tinyusb/src/portable/raspberrypi/rp2040/dcd_rp2040.c.obj
                0x10003014                dcd_edpt_close_all
 .text.dcd_edpt_xfer
                0x1000301c       0x24 CMakeFiles/display_oled.dir/C_/Users/trafa/.pico-sdk/sdk/1.5.1/lib/tinyusb/src/portable/raspberrypi/rp2040/dcd_rp2040.c.obj
                0x1000301c                dcd_edpt_xfer
 .text.dcd_edpt_stall
                0x10003040       0x34 CMakeFiles/display_oled.dir/C_/Users/trafa/.pico-sdk/sdk/1.5.1/lib/tinyusb/src/portable/raspberrypi/rp2040/dcd_rp2040.c.obj
                0x10003040                dcd_edpt_stall
 .text.dcd_edpt_clear_stall
                0x10003074       0x30 CMakeFiles/display_oled.dir/C_/Users/trafa/.pico-sdk/sdk/1.5.1/lib/tinyusb/src/portable/raspberrypi/rp2040/dcd_rp2040.c.obj
                0x10003074                dcd_edpt_clear_stall
 .text.rp2040_usb_init
                0x100030a4       0x4c CMakeFiles/display_oled.dir/C_/Users/trafa/.pico-sdk/sdk/1.5.1/lib/tinyusb/src/portable/raspberrypi/rp2040/rp2040_usb.c.obj
                0x100030a4                rp2040_usb_init
 .text.hw_endpoint_xfer_start
                0x100030f0       0x40 CMakeFiles/display_oled.dir/C_/Users/trafa/.pico-sdk/sdk/1.5.1/lib/tinyusb/src/portable/raspberrypi/rp2040/rp2040_usb.c.obj
                0x100030f0                hw_endpoint_xfer_start
 .text.tud_mounted
                0x10003130       0x10 CMakeFiles/display_oled.dir/C_/Users/trafa/.pico-sdk/sdk/1.5.1/lib/tinyusb/src/device/usbd.c.obj
                0x10003130                tud_mounted
 .text.tud_suspended
                0x10003140       0x10 CMakeFiles/display_oled.dir/C_/Users/trafa/.pico-sdk/sdk/1.5.1/lib/tinyusb/src/device/usbd.c.obj
                0x10003140                tud_suspended
 .text.tud_inited
                0x10003150       0x14 CMakeFiles/display_oled.dir/C_/Users/trafa/.pico-sdk/sdk/1.5.1/lib/tinyusb/src/device/usbd.c.obj
                0x10003150                tud_inited
 .text.tud_init
                0x10003164       0xdc CMakeFiles/display_oled.dir/C_/Users/trafa/.pico-sdk/sdk/1.5.1/lib/tinyusb/src/device/usbd.c.obj
                0x10003164                tud_init
 .text.tud_task_ext
                0x10003240      0x850 CMakeFiles/display_oled.dir/C_/Users/trafa/.pico-sdk/sdk/1.5.1/lib/tinyusb/src/device/usbd.c.obj
                0x10003240                tud_task_ext
 .text.usbd_open_edpt_pair
                0x10003a90       0x9c CMakeFiles/display_oled.dir/C_/Users/trafa/.pico-sdk/sdk/1.5.1/lib/tinyusb/src/device/usbd.c.obj
                0x10003a90                usbd_open_edpt_pair
 .text.usbd_defer_func
                0x10003b2c       0x48 CMakeFiles/display_oled.dir/C_/Users/trafa/.pico-sdk/sdk/1.5.1/lib/tinyusb/src/device/usbd.c.obj
                0x10003b2c                usbd_defer_func
 .text.usbd_edpt_open
                0x10003b74       0x34 CMakeFiles/display_oled.dir/C_/Users/trafa/.pico-sdk/sdk/1.5.1/lib/tinyusb/src/device/usbd.c.obj
                0x10003b74                usbd_edpt_open
 .text.usbd_edpt_claim
                0x10003ba8       0x28 CMakeFiles/display_oled.dir/C_/Users/trafa/.pico-sdk/sdk/1.5.1/lib/tinyusb/src/device/usbd.c.obj
                0x10003ba8                usbd_edpt_claim
 .text.usbd_edpt_release
                0x10003bd0       0x28 CMakeFiles/display_oled.dir/C_/Users/trafa/.pico-sdk/sdk/1.5.1/lib/tinyusb/src/device/usbd.c.obj
                0x10003bd0                usbd_edpt_release
 .text.usbd_edpt_xfer
                0x10003bf8       0x4c CMakeFiles/display_oled.dir/C_/Users/trafa/.pico-sdk/sdk/1.5.1/lib/tinyusb/src/device/usbd.c.obj
                0x10003bf8                usbd_edpt_xfer
 .text.tud_control_status
                0x10003c44       0x2c CMakeFiles/display_oled.dir/C_/Users/trafa/.pico-sdk/sdk/1.5.1/lib/tinyusb/src/device/usbd_control.c.obj
                0x10003c44                tud_control_status
 .text.tud_control_xfer
                0x10003c70       0xac CMakeFiles/display_oled.dir/C_/Users/trafa/.pico-sdk/sdk/1.5.1/lib/tinyusb/src/device/usbd_control.c.obj
                0x10003c70                tud_control_xfer
 .text.usbd_control_reset
                0x10003d1c       0x14 CMakeFiles/display_oled.dir/C_/Users/trafa/.pico-sdk/sdk/1.5.1/lib/tinyusb/src/device/usbd_control.c.obj
                0x10003d1c                usbd_control_reset
 .text.usbd_control_set_complete_callback
                0x10003d30        0xc CMakeFiles/display_oled.dir/C_/Users/trafa/.pico-sdk/sdk/1.5.1/lib/tinyusb/src/device/usbd_control.c.obj
                0x10003d30                usbd_control_set_complete_callback
 .text.usbd_control_set_request
                0x10003d3c       0x1c CMakeFiles/display_oled.dir/C_/Users/trafa/.pico-sdk/sdk/1.5.1/lib/tinyusb/src/device/usbd_control.c.obj
                0x10003d3c                usbd_control_set_request
 .text.usbd_control_xfer_cb
                0x10003d58       0xf4 CMakeFiles/display_oled.dir/C_/Users/trafa/.pico-sdk/sdk/1.5.1/lib/tinyusb/src/device/usbd_control.c.obj
                0x10003d58                usbd_control_xfer_cb
 .text.tud_cdc_n_connected
                0x10003e4c       0x30 CMakeFiles/display_oled.dir/C_/Users/trafa/.pico-sdk/sdk/1.5.1/lib/tinyusb/src/class/cdc/cdc_device.c.obj
                0x10003e4c                tud_cdc_n_connected
 .text.tud_cdc_n_available
                0x10003e7c       0x18 CMakeFiles/display_oled.dir/C_/Users/trafa/.pico-sdk/sdk/1.5.1/lib/tinyusb/src/class/cdc/cdc_device.c.obj
                0x10003e7c                tud_cdc_n_available
 .text.tud_cdc_n_read
                0x10003e94       0x70 CMakeFiles/display_oled.dir/C_/Users/trafa/.pico-sdk/sdk/1.5.1/lib/tinyusb/src/class/cdc/cdc_device.c.obj
                0x10003e94                tud_cdc_n_read
 .text.tud_cdc_n_write_flush
                0x10003f04       0x78 CMakeFiles/display_oled.dir/C_/Users/trafa/.pico-sdk/sdk/1.5.1/lib/tinyusb/src/class/cdc/cdc_device.c.obj
                0x10003f04                tud_cdc_n_write_flush
 .text.tud_cdc_n_write
                0x10003f7c       0x34 CMakeFiles/display_oled.dir/C_/Users/trafa/.pico-sdk/sdk/1.5.1/lib/tinyusb/src/class/cdc/cdc_device.c.obj
                0x10003f7c                tud_cdc_n_write
 .text.tud_cdc_n_write_available
                0x10003fb0       0x18 CMakeFiles/display_oled.dir/C_/Users/trafa/.pico-sdk/sdk/1.5.1/lib/tinyusb/src/class/cdc/cdc_device.c.obj
                0x10003fb0                tud_cdc_n_write_available
 .text.cdcd_init
                0x10003fc8       0x7c CMakeFiles/display_oled.dir/C_/Users/trafa/.pico-sdk/sdk/1.5.1/lib/tinyusb/src/class/cdc/cdc_device.c.obj
                0x10003fc8                cdcd_init
 .text.cdcd_reset
                0x10004044       0x2c CMakeFiles/display_oled.dir/C_/Users/trafa/.pico-sdk/sdk/1.5.1/lib/tinyusb/src/class/cdc/cdc_device.c.obj
                0x10004044                cdcd_reset
 .text.cdcd_open
                0x10004070       0xe4 CMakeFiles/display_oled.dir/C_/Users/trafa/.pico-sdk/sdk/1.5.1/lib/tinyusb/src/class/cdc/cdc_device.c.obj
                0x10004070                cdcd_open
 .text.cdcd_control_xfer_cb
                0x10004154       0xe4 CMakeFiles/display_oled.dir/C_/Users/trafa/.pico-sdk/sdk/1.5.1/lib/tinyusb/src/class/cdc/cdc_device.c.obj
                0x10004154                cdcd_control_xfer_cb
 .text.cdcd_xfer_cb
                0x10004238      0x13c CMakeFiles/display_oled.dir/C_/Users/trafa/.pico-sdk/sdk/1.5.1/lib/tinyusb/src/class/cdc/cdc_device.c.obj
                0x10004238                cdcd_xfer_cb
 .text.tusb_init
                0x10004374        0xc CMakeFiles/display_oled.dir/C_/Users/trafa/.pico-sdk/sdk/1.5.1/lib/tinyusb/src/tusb.c.obj
                0x10004374                tusb_init
 .text.tusb_inited
                0x10004380        0x8 CMakeFiles/display_oled.dir/C_/Users/trafa/.pico-sdk/sdk/1.5.1/lib/tinyusb/src/tusb.c.obj
                0x10004380                tusb_inited
 .text.tu_edpt_claim
                0x10004388       0x50 CMakeFiles/display_oled.dir/C_/Users/trafa/.pico-sdk/sdk/1.5.1/lib/tinyusb/src/tusb.c.obj
                0x10004388                tu_edpt_claim
 .text.tu_edpt_release
                0x100043d8       0x38 CMakeFiles/display_oled.dir/C_/Users/trafa/.pico-sdk/sdk/1.5.1/lib/tinyusb/src/tusb.c.obj
                0x100043d8                tu_edpt_release
 .text.tu_edpt_validate
                0x10004410       0x7c CMakeFiles/display_oled.dir/C_/Users/trafa/.pico-sdk/sdk/1.5.1/lib/tinyusb/src/tusb.c.obj
                0x10004410                tu_edpt_validate
 .text.tu_edpt_bind_driver
                0x1000448c       0x34 CMakeFiles/display_oled.dir/C_/Users/trafa/.pico-sdk/sdk/1.5.1/lib/tinyusb/src/tusb.c.obj
                0x1000448c                tu_edpt_bind_driver
 .text.tu_fifo_config
                0x100044c0       0x6c CMakeFiles/display_oled.dir/C_/Users/trafa/.pico-sdk/sdk/1.5.1/lib/tinyusb/src/common/tusb_fifo.c.obj
                0x100044c0                tu_fifo_config
 .text.tu_fifo_count
                0x1000452c       0x2c CMakeFiles/display_oled.dir/C_/Users/trafa/.pico-sdk/sdk/1.5.1/lib/tinyusb/src/common/tusb_fifo.c.obj
                0x1000452c                tu_fifo_count
 .text.tu_fifo_empty
                0x10004558       0x10 CMakeFiles/display_oled.dir/C_/Users/trafa/.pico-sdk/sdk/1.5.1/lib/tinyusb/src/common/tusb_fifo.c.obj
                0x10004558                tu_fifo_empty
 .text.tu_fifo_remaining
                0x10004568       0x2c CMakeFiles/display_oled.dir/C_/Users/trafa/.pico-sdk/sdk/1.5.1/lib/tinyusb/src/common/tusb_fifo.c.obj
                0x10004568                tu_fifo_remaining
 .text.tu_fifo_read
                0x10004594       0x9c CMakeFiles/display_oled.dir/C_/Users/trafa/.pico-sdk/sdk/1.5.1/lib/tinyusb/src/common/tusb_fifo.c.obj
                0x10004594                tu_fifo_read
 .text.tu_fifo_read_n
                0x10004630       0xe8 CMakeFiles/display_oled.dir/C_/Users/trafa/.pico-sdk/sdk/1.5.1/lib/tinyusb/src/common/tusb_fifo.c.obj
                0x10004630                tu_fifo_read_n
 .text.tu_fifo_write
                0x10004718       0xa8 CMakeFiles/display_oled.dir/C_/Users/trafa/.pico-sdk/sdk/1.5.1/lib/tinyusb/src/common/tusb_fifo.c.obj
                0x10004718                tu_fifo_write
 .text.tu_fifo_write_n
                0x100047c0      0x178 CMakeFiles/display_oled.dir/C_/Users/trafa/.pico-sdk/sdk/1.5.1/lib/tinyusb/src/common/tusb_fifo.c.obj
                0x100047c0                tu_fifo_write_n
 .text.tu_fifo_clear
                0x10004938       0x40 CMakeFiles/display_oled.dir/C_/Users/trafa/.pico-sdk/sdk/1.5.1/lib/tinyusb/src/common/tusb_fifo.c.obj
                0x10004938                tu_fifo_clear
 .text.tu_fifo_set_overwritable
                0x10004978       0x48 CMakeFiles/display_oled.dir/C_/Users/trafa/.pico-sdk/sdk/1.5.1/lib/tinyusb/src/common/tusb_fifo.c.obj
                0x10004978                tu_fifo_set_overwritable
 .text.i2c_set_baudrate
                0x100049c0       0xc4 CMakeFiles/display_oled.dir/C_/Users/trafa/.pico-sdk/sdk/1.5.1/src/rp2_common/hardware_i2c/i2c.c.obj
                0x100049c0                i2c_set_baudrate
 .text.i2c_init
                0x10004a84       0x50 CMakeFiles/display_oled.dir/C_/Users/trafa/.pico-sdk/sdk/1.5.1/src/rp2_common/hardware_i2c/i2c.c.obj
                0x10004a84                i2c_init
 .text.i2c_write_blocking
                0x10004ad4       0xd0 CMakeFiles/display_oled.dir/C_/Users/trafa/.pico-sdk/sdk/1.5.1/src/rp2_common/hardware_i2c/i2c.c.obj
                0x10004ad4                i2c_write_blocking
 .text.malloc   0x10004ba4       0x14 C:/Users/trafa/.pico-sdk/toolchain/13_3_Rel1/bin/../lib/gcc/arm-none-eabi/13.3.1/thumb/v6-m/nofp\libc.a(libc_a-malloc.o)
                0x10004ba4                malloc
 .text.free     0x10004bb8       0x14 C:/Users/trafa/.pico-sdk/toolchain/13_3_Rel1/bin/../lib/gcc/arm-none-eabi/13.3.1/thumb/v6-m/nofp\libc.a(libc_a-malloc.o)
                0x10004bb8                free
 .text._malloc_r
                0x10004bcc      0x5c4 C:/Users/trafa/.pico-sdk/toolchain/13_3_Rel1/bin/../lib/gcc/arm-none-eabi/13.3.1/thumb/v6-m/nofp\libc.a(libc_a-mallocr.o)
                0x10004bcc                _malloc_r
 .text.__malloc_lock
                0x10005190       0x10 C:/Users/trafa/.pico-sdk/toolchain/13_3_Rel1/bin/../lib/gcc/arm-none-eabi/13.3.1/thumb/v6-m/nofp\libc.a(libc_a-mlock.o)
                0x10005190                __malloc_lock
 .text.__malloc_unlock
                0x100051a0       0x10 C:/Users/trafa/.pico-sdk/toolchain/13_3_Rel1/bin/../lib/gcc/arm-none-eabi/13.3.1/thumb/v6-m/nofp\libc.a(libc_a-mlock.o)
                0x100051a0                __malloc_unlock
 .text._sbrk_r  0x100051b0       0x24 C:/Users/trafa/.pico-sdk/toolchain/13_3_Rel1/bin/../lib/gcc/arm-none-eabi/13.3.1/thumb/v6-m/nofp\libc.a(libc_a-sbrkr.o)
                0x100051b0                _sbrk_r
 .text.__errno  0x100051d4        0xc C:/Users/trafa/.pico-sdk/toolchain/13_3_Rel1/bin/../lib/gcc/arm-none-eabi/13.3.1/thumb/v6-m/nofp\libc.a(libc_a-errno.o)
                0x100051d4                __errno
 .text.__retarget_lock_acquire_recursive
                0x100051e0        0x4 C:/Users/trafa/.pico-sdk/toolchain/13_3_Rel1/bin/../lib/gcc/arm-none-eabi/13.3.1/thumb/v6-m/nofp\libc.a(libc_a-lock.o)
                0x100051e0                __retarget_lock_acquire_recursive
 .text.__retarget_lock_release_recursive
                0x100051e4        0x4 C:/Users/trafa/.pico-sdk/toolchain/13_3_Rel1/bin/../lib/gcc/arm-none-eabi/13.3.1/thumb/v6-m/nofp\libc.a(libc_a-lock.o)
                0x100051e4                __retarget_lock_release_recursive
 .text.sysconf  0x100051e8       0x1c C:/Users/trafa/.pico-sdk/toolchain/13_3_Rel1/bin/../lib/gcc/arm-none-eabi/13.3.1/thumb/v6-m/nofp\libc.a(libc_a-sysconf.o)
                0x100051e8                sysconf
 .text.strlen   0x10005204       0x5c C:/Users/trafa/.pico-sdk/toolchain/13_3_Rel1/bin/../lib/gcc/arm-none-eabi/13.3.1/thumb/v6-m/nofp\libc.a(libc_a-strlen-stub.o)
                0x10005204                strlen
 .text._malloc_trim_r
                0x10005260       0xb4 C:/Users/trafa/.pico-sdk/toolchain/13_3_Rel1/bin/../lib/gcc/arm-none-eabi/13.3.1/thumb/v6-m/nofp\libc.a(libc_a-freer.o)
                0x10005260                _malloc_trim_r
 .text._free_r  0x10005314      0x1d4 C:/Users/trafa/.pico-sdk/toolchain/13_3_Rel1/bin/../lib/gcc/arm-none-eabi/13.3.1/thumb/v6-m/nofp\libc.a(libc_a-freer.o)
                0x10005314                _free_r
 *(.fini)
 .fini          0x100054e8        0x4 C:/Users/trafa/.pico-sdk/toolchain/13_3_Rel1/bin/../lib/gcc/arm-none-eabi/13.3.1/thumb/v6-m/nofp/crti.o
                0x100054e8                _fini
 *fill*         0x100054ec        0x4 
 .fini.__stub   0x100054f0       0xb0 linker stubs
 *crtbegin.o(.ctors)
 *crtbegin?.o(.ctors)
 *(EXCLUDE_FILE(*crtend.o *crtend?.o) .ctors)
 *(SORT_BY_NAME(.ctors.*))
 *(.ctors)
 *crtbegin.o(.dtors)
 *crtbegin?.o(.dtors)
 *(EXCLUDE_FILE(*crtend.o *crtend?.o) .dtors)
 *(SORT_BY_NAME(.dtors.*))
 *(.dtors)
 *(.eh_frame*)
 .eh_frame      0x100055a0        0x0 C:/Users/trafa/.pico-sdk/toolchain/13_3_Rel1/bin/../lib/gcc/arm-none-eabi/13.3.1/thumb/v6-m/nofp/crtbegin.o
                0x100055a0                        . = ALIGN (0x4)

.glue_7         0x100055a0        0x0
 .glue_7        0x100055a0        0x0 linker stubs

.glue_7t        0x100055a0        0x0
 .glue_7t       0x100055a0        0x0 linker stubs

.vfp11_veneer   0x100055a0        0x0
 .vfp11_veneer  0x100055a0        0x0 linker stubs

.v4_bx          0x100055a0        0x0
 .v4_bx         0x100055a0        0x0 linker stubs

.iplt           0x100055a0        0x0
 .iplt          0x100055a0        0x0 C:/Users/trafa/.pico-sdk/toolchain/13_3_Rel1/bin/../lib/gcc/arm-none-eabi/13.3.1/thumb/v6-m/nofp/crtbegin.o

.rodata         0x100055a0      0x5f0
 *(EXCLUDE_FILE(*libm.a: *libc.a:*lib_a-mem*.o *libgcc.a:) .rodata*)
 .rodata.main.str1.4
                0x100055a0      0x22b CMakeFiles/display_oled.dir/display_oled.c.obj
                                 0x98 (size before relaxing)
 *fill*         0x100057cb        0x1 
 .rodata.font   0x100057cc      0x128 CMakeFiles/display_oled.dir/inc/ssd1306_i2c.c.obj
 .rodata        0x100058f4       0x1a CMakeFiles/display_oled.dir/inc/ssd1306_i2c.c.obj
 .rodata.spin_lock_claim_unused.str1.4
                0x1000590e       0x1b CMakeFiles/display_oled.dir/C_/Users/trafa/.pico-sdk/sdk/1.5.1/src/rp2_common/hardware_sync/sync.c.obj
 .rodata.user_irq_claim_unused.str1.4
                0x1000590e       0x1b CMakeFiles/display_oled.dir/C_/Users/trafa/.pico-sdk/sdk/1.5.1/src/rp2_common/hardware_irq/irq.c.obj
 .rodata.hardware_alarm_claim.str1.4
                0x1000590e       0x22 CMakeFiles/display_oled.dir/C_/Users/trafa/.pico-sdk/sdk/1.5.1/src/rp2_common/hardware_timer/timer.c.obj
 .rodata.panic.str1.4
                0x1000590e       0x12 CMakeFiles/display_oled.dir/C_/Users/trafa/.pico-sdk/sdk/1.5.1/src/rp2_common/pico_runtime/runtime.c.obj
 .rodata.hard_assertion_failure.str1.4
                0x1000590e        0xc CMakeFiles/display_oled.dir/C_/Users/trafa/.pico-sdk/sdk/1.5.1/src/rp2_common/pico_runtime/runtime.c.obj
 .rodata.missing_double_func_shim.str1.4
                0x1000590e       0x18 CMakeFiles/display_oled.dir/C_/Users/trafa/.pico-sdk/sdk/1.5.1/src/rp2_common/pico_double/double_init_rom.c.obj
 .rodata.missing_float_func_shim.str1.4
                0x1000590e        0x1 CMakeFiles/display_oled.dir/C_/Users/trafa/.pico-sdk/sdk/1.5.1/src/rp2_common/pico_float/float_init_rom.c.obj
 .rodata.__wrap_malloc.str1.4
                0x1000590e        0xe CMakeFiles/display_oled.dir/C_/Users/trafa/.pico-sdk/sdk/1.5.1/src/rp2_common/pico_malloc/pico_malloc.c.obj
 .rodata.str1.4
                0x1000590e       0x48 CMakeFiles/display_oled.dir/C_/Users/trafa/.pico-sdk/sdk/1.5.1/src/rp2_common/pico_standard_link/binary_info.c.obj
 *fill*         0x1000590e        0x2 
 .rodata.__bi_81
                0x10005910        0xc CMakeFiles/display_oled.dir/C_/Users/trafa/.pico-sdk/sdk/1.5.1/src/rp2_common/pico_standard_link/binary_info.c.obj
 .rodata.__bi_75
                0x1000591c        0xc CMakeFiles/display_oled.dir/C_/Users/trafa/.pico-sdk/sdk/1.5.1/src/rp2_common/pico_standard_link/binary_info.c.obj
 .rodata.__bi_56
                0x10005928        0xc CMakeFiles/display_oled.dir/C_/Users/trafa/.pico-sdk/sdk/1.5.1/src/rp2_common/pico_standard_link/binary_info.c.obj
 .rodata.__bi_44
                0x10005934        0xc CMakeFiles/display_oled.dir/C_/Users/trafa/.pico-sdk/sdk/1.5.1/src/rp2_common/pico_standard_link/binary_info.c.obj
 .rodata.crlf_str.0
                0x10005940        0x2 CMakeFiles/display_oled.dir/C_/Users/trafa/.pico-sdk/sdk/1.5.1/src/rp2_common/pico_stdio/stdio.c.obj
 *fill*         0x10005942        0x2 
 .rodata._resetd_driver
                0x10005944       0x18 CMakeFiles/display_oled.dir/C_/Users/trafa/.pico-sdk/sdk/1.5.1/src/rp2_common/pico_stdio_usb/reset_interface.c.obj
 .rodata.str1.4
                0x1000595c       0x13 CMakeFiles/display_oled.dir/C_/Users/trafa/.pico-sdk/sdk/1.5.1/src/rp2_common/pico_stdio_usb/stdio_usb.c.obj
 .rodata.__bi_182.0
                0x1000595c        0xc CMakeFiles/display_oled.dir/C_/Users/trafa/.pico-sdk/sdk/1.5.1/src/rp2_common/pico_stdio_usb/stdio_usb.c.obj
 .rodata.str1.4
                0x10005968       0x2a CMakeFiles/display_oled.dir/C_/Users/trafa/.pico-sdk/sdk/1.5.1/src/rp2_common/pico_stdio_usb/stdio_usb_descriptors.c.obj
 .rodata.usbd_desc_str
                0x10005968       0x18 CMakeFiles/display_oled.dir/C_/Users/trafa/.pico-sdk/sdk/1.5.1/src/rp2_common/pico_stdio_usb/stdio_usb_descriptors.c.obj
 .rodata.usbd_desc_cfg
                0x10005980       0x54 CMakeFiles/display_oled.dir/C_/Users/trafa/.pico-sdk/sdk/1.5.1/src/rp2_common/pico_stdio_usb/stdio_usb_descriptors.c.obj
 .rodata.usbd_desc_device
                0x100059d4       0x12 CMakeFiles/display_oled.dir/C_/Users/trafa/.pico-sdk/sdk/1.5.1/src/rp2_common/pico_stdio_usb/stdio_usb_descriptors.c.obj
 .rodata.str1.4
                0x100059e6       0x14 CMakeFiles/display_oled.dir/C_/Users/trafa/.pico-sdk/sdk/1.5.1/lib/tinyusb/src/portable/raspberrypi/rp2040/dcd_rp2040.c.obj
 .rodata.str1.4
                0x100059e6       0x53 CMakeFiles/display_oled.dir/C_/Users/trafa/.pico-sdk/sdk/1.5.1/lib/tinyusb/src/portable/raspberrypi/rp2040/rp2040_usb.c.obj
 *fill*         0x100059e6        0x2 
 .rodata.tud_task_ext
                0x100059e8       0x8c CMakeFiles/display_oled.dir/C_/Users/trafa/.pico-sdk/sdk/1.5.1/lib/tinyusb/src/device/usbd.c.obj
 .rodata._usbd_driver
                0x10005a74       0x18 CMakeFiles/display_oled.dir/C_/Users/trafa/.pico-sdk/sdk/1.5.1/lib/tinyusb/src/device/usbd.c.obj
 .rodata._ctype_
                0x10005a8c      0x101 C:/Users/trafa/.pico-sdk/toolchain/13_3_Rel1/bin/../lib/gcc/arm-none-eabi/13.3.1/thumb/v6-m/nofp\libc.a(libc_a-ctype_.o)
                0x10005a8c                _ctype_
                0x10005b90                        . = ALIGN (0x4)
 *fill*         0x10005b8d        0x3 
 *(SORT_BY_ALIGNMENT(SORT_BY_NAME(.flashdata*)))
                0x10005b90                        . = ALIGN (0x4)

.ARM.extab
 *(.ARM.extab* .gnu.linkonce.armextab.*)
                0x10005b90                        __exidx_start = .

.ARM.exidx
 *(.ARM.exidx* .gnu.linkonce.armexidx.*)
                0x10005b90                        __exidx_end = .
                0x10005b90                        . = ALIGN (0x4)
                0x10005b90                        __binary_info_start = .

.binary_info    0x10005b90       0x24
 *(.binary_info.keep.*)
 .binary_info.keep.__bi_ptr81
                0x10005b90        0x4 CMakeFiles/display_oled.dir/C_/Users/trafa/.pico-sdk/sdk/1.5.1/src/rp2_common/pico_standard_link/binary_info.c.obj
 .binary_info.keep.__bi_ptr75
                0x10005b94        0x4 CMakeFiles/display_oled.dir/C_/Users/trafa/.pico-sdk/sdk/1.5.1/src/rp2_common/pico_standard_link/binary_info.c.obj
 .binary_info.keep.__bi_ptr56
                0x10005b98        0x4 CMakeFiles/display_oled.dir/C_/Users/trafa/.pico-sdk/sdk/1.5.1/src/rp2_common/pico_standard_link/binary_info.c.obj
 .binary_info.keep.__bi_ptr50
                0x10005b9c        0x4 CMakeFiles/display_oled.dir/C_/Users/trafa/.pico-sdk/sdk/1.5.1/src/rp2_common/pico_standard_link/binary_info.c.obj
 .binary_info.keep.__bi_ptr44
                0x10005ba0        0x4 CMakeFiles/display_oled.dir/C_/Users/trafa/.pico-sdk/sdk/1.5.1/src/rp2_common/pico_standard_link/binary_info.c.obj
 .binary_info.keep.__bi_ptr38
                0x10005ba4        0x4 CMakeFiles/display_oled.dir/C_/Users/trafa/.pico-sdk/sdk/1.5.1/src/rp2_common/pico_standard_link/binary_info.c.obj
 .binary_info.keep.__bi_ptr30
                0x10005ba8        0x4 CMakeFiles/display_oled.dir/C_/Users/trafa/.pico-sdk/sdk/1.5.1/src/rp2_common/pico_standard_link/binary_info.c.obj
 .binary_info.keep.__bi_ptr22
                0x10005bac        0x4 CMakeFiles/display_oled.dir/C_/Users/trafa/.pico-sdk/sdk/1.5.1/src/rp2_common/pico_standard_link/binary_info.c.obj
 *(.binary_info.*)
 .binary_info.__bi_ptr182
                0x10005bb0        0x4 CMakeFiles/display_oled.dir/C_/Users/trafa/.pico-sdk/sdk/1.5.1/src/rp2_common/pico_stdio_usb/stdio_usb.c.obj
                0x10005bb4                        __binary_info_end = .

.rel.dyn        0x10005bb4        0x0
 .rel.iplt      0x10005bb4        0x0 C:/Users/trafa/.pico-sdk/toolchain/13_3_Rel1/bin/../lib/gcc/arm-none-eabi/13.3.1/thumb/v6-m/nofp/crtbegin.o
                0x10005bb4                        . = ALIGN (0x4)

.ram_vector_table
                0x20000000       0xc0
 *(.ram_vector_table)
 .ram_vector_table
                0x20000000       0xc0 CMakeFiles/display_oled.dir/C_/Users/trafa/.pico-sdk/sdk/1.5.1/src/rp2_common/pico_runtime/runtime.c.obj
                0x20000000                ram_vector_table

.data           0x200000c0     0x1398 load address 0x10005bb4
                0x200000c0                        __data_start__ = .
 *(vtable)
 *(.time_critical*)
 .time_critical.mutex_try_enter
                0x200000c0       0x40 CMakeFiles/display_oled.dir/C_/Users/trafa/.pico-sdk/sdk/1.5.1/src/common/pico_sync/mutex.c.obj
                0x200000c0                mutex_try_enter
 .time_critical.mutex_try_enter_block_until
                0x20000100       0x9c CMakeFiles/display_oled.dir/C_/Users/trafa/.pico-sdk/sdk/1.5.1/src/common/pico_sync/mutex.c.obj
                0x20000100                mutex_try_enter_block_until
 .time_critical.mutex_enter_timeout_ms
                0x2000019c       0x90 CMakeFiles/display_oled.dir/C_/Users/trafa/.pico-sdk/sdk/1.5.1/src/common/pico_sync/mutex.c.obj
                0x2000019c                mutex_enter_timeout_ms
 .time_critical.mutex_exit
                0x2000022c       0x28 CMakeFiles/display_oled.dir/C_/Users/trafa/.pico-sdk/sdk/1.5.1/src/common/pico_sync/mutex.c.obj
                0x2000022c                mutex_exit
 .time_critical.flash_init_boot2_copyout
                0x20000254       0x30 CMakeFiles/display_oled.dir/C_/Users/trafa/.pico-sdk/sdk/1.5.1/src/rp2_common/hardware_flash/flash.c.obj
 .time_critical.flash_enable_xip_via_boot2
                0x20000284        0xc CMakeFiles/display_oled.dir/C_/Users/trafa/.pico-sdk/sdk/1.5.1/src/rp2_common/hardware_flash/flash.c.obj
 .time_critical.flash_cs_force
                0x20000290       0x38 CMakeFiles/display_oled.dir/C_/Users/trafa/.pico-sdk/sdk/1.5.1/src/rp2_common/hardware_flash/flash.c.obj
 .time_critical.flash_do_cmd
                0x200002c8       0xc0 CMakeFiles/display_oled.dir/C_/Users/trafa/.pico-sdk/sdk/1.5.1/src/rp2_common/hardware_flash/flash.c.obj
                0x200002c8                flash_do_cmd
 .time_critical.reset_non_control_endpoints
                0x20000388       0x68 CMakeFiles/display_oled.dir/C_/Users/trafa/.pico-sdk/sdk/1.5.1/lib/tinyusb/src/portable/raspberrypi/rp2040/dcd_rp2040.c.obj
 .time_critical.hw_handle_buff_status
                0x200003f0       0xb0 CMakeFiles/display_oled.dir/C_/Users/trafa/.pico-sdk/sdk/1.5.1/lib/tinyusb/src/portable/raspberrypi/rp2040/dcd_rp2040.c.obj
 .time_critical.dcd_rp2040_irq
                0x200004a0      0x510 CMakeFiles/display_oled.dir/C_/Users/trafa/.pico-sdk/sdk/1.5.1/lib/tinyusb/src/portable/raspberrypi/rp2040/dcd_rp2040.c.obj
 .time_critical.e15_is_bulkin_ep
                0x200009b0       0x28 CMakeFiles/display_oled.dir/C_/Users/trafa/.pico-sdk/sdk/1.5.1/lib/tinyusb/src/portable/raspberrypi/rp2040/rp2040_usb.c.obj
 .time_critical.e15_is_critical_frame_period
                0x200009d8       0x34 CMakeFiles/display_oled.dir/C_/Users/trafa/.pico-sdk/sdk/1.5.1/lib/tinyusb/src/portable/raspberrypi/rp2040/rp2040_usb.c.obj
 .time_critical.prepare_ep_buffer
                0x20000a0c       0x6c CMakeFiles/display_oled.dir/C_/Users/trafa/.pico-sdk/sdk/1.5.1/lib/tinyusb/src/portable/raspberrypi/rp2040/rp2040_usb.c.obj
 .time_critical.sync_ep_buffer
                0x20000a78       0x48 CMakeFiles/display_oled.dir/C_/Users/trafa/.pico-sdk/sdk/1.5.1/lib/tinyusb/src/portable/raspberrypi/rp2040/rp2040_usb.c.obj
 .time_critical._hw_endpoint_xfer_sync
                0x20000ac0       0x28 CMakeFiles/display_oled.dir/C_/Users/trafa/.pico-sdk/sdk/1.5.1/lib/tinyusb/src/portable/raspberrypi/rp2040/rp2040_usb.c.obj
 .time_critical.hw_endpoint_reset_transfer
                0x20000ae8        0xc CMakeFiles/display_oled.dir/C_/Users/trafa/.pico-sdk/sdk/1.5.1/lib/tinyusb/src/portable/raspberrypi/rp2040/rp2040_usb.c.obj
                0x20000ae8                hw_endpoint_reset_transfer
 .time_critical._hw_endpoint_buffer_control_update32
                0x20000af4       0x58 CMakeFiles/display_oled.dir/C_/Users/trafa/.pico-sdk/sdk/1.5.1/lib/tinyusb/src/portable/raspberrypi/rp2040/rp2040_usb.c.obj
                0x20000af4                _hw_endpoint_buffer_control_update32
 .time_critical.hw_endpoint_start_next_buffer
                0x20000b4c       0x6c CMakeFiles/display_oled.dir/C_/Users/trafa/.pico-sdk/sdk/1.5.1/lib/tinyusb/src/portable/raspberrypi/rp2040/rp2040_usb.c.obj
                0x20000b4c                hw_endpoint_start_next_buffer
 .time_critical.hw_endpoint_xfer_continue
                0x20000bb8       0x50 CMakeFiles/display_oled.dir/C_/Users/trafa/.pico-sdk/sdk/1.5.1/lib/tinyusb/src/portable/raspberrypi/rp2040/rp2040_usb.c.obj
                0x20000bb8                hw_endpoint_xfer_continue
 .time_critical.tinyusb
                0x20000c08      0x16c CMakeFiles/display_oled.dir/C_/Users/trafa/.pico-sdk/sdk/1.5.1/lib/tinyusb/src/device/usbd.c.obj
                0x20000c08                dcd_event_handler
 *(.text*)
 .text          0x20000d74        0x4 C:/Users/trafa/.pico-sdk/toolchain/13_3_Rel1/bin/../lib/gcc/arm-none-eabi/13.3.1/thumb/v6-m/nofp\libgcc.a(_dvmd_tls.o)
                0x20000d74                __aeabi_idiv0
                0x20000d74                __aeabi_ldiv0
 .text.__stub   0x20000d78       0x70 linker stubs
                0x20000de8                        . = ALIGN (0x4)
 *(.rodata*)
                0x20000de8                        . = ALIGN (0x4)
 *(.data*)
 .data.frame_area
                0x20000de8        0x8 CMakeFiles/display_oled.dir/display_oled.c.obj
                0x20000de8                frame_area
 .data.striped_spin_lock_num
                0x20000df0        0x1 CMakeFiles/display_oled.dir/C_/Users/trafa/.pico-sdk/sdk/1.5.1/src/rp2_common/hardware_sync/sync.c.obj
 *fill*         0x20000df1        0x3 
 .data          0x20000df4       0x48 CMakeFiles/display_oled.dir/C_/Users/trafa/.pico-sdk/sdk/1.5.1/src/rp2_common/hardware_irq/irq_handler_chain.S.obj
                0x20000df4                irq_handler_chain_slots
                0x20000e24                irq_handler_chain_first_slot
                0x20000e2e                irq_handler_chain_remove_tail
 .data.default_alarm_pool
                0x20000e3c       0x18 CMakeFiles/display_oled.dir/C_/Users/trafa/.pico-sdk/sdk/1.5.1/src/common/pico_time/time.c.obj
 .data.default_alarm_pool_heap
                0x20000e54       0x10 CMakeFiles/display_oled.dir/C_/Users/trafa/.pico-sdk/sdk/1.5.1/src/common/pico_time/time.c.obj
 *fill*         0x20000e64        0xc 
 .data.aeabi_bits_funcs
                0x20000e70       0x10 CMakeFiles/display_oled.dir/C_/Users/trafa/.pico-sdk/sdk/1.5.1/src/rp2_common/pico_bit_ops/bit_ops_aeabi.S.obj
                0x20000e70                aeabi_bits_funcs
                0x20000e80                aeabi_bits_funcs_end
 .data.aeabi_mem_funcs
                0x20000e80       0x10 CMakeFiles/display_oled.dir/C_/Users/trafa/.pico-sdk/sdk/1.5.1/src/rp2_common/pico_mem_ops/mem_ops_aeabi.S.obj
                0x20000e80                aeabi_mem_funcs
                0x20000e90                aeabi_mem_funcs_end
 .data.stdio_usb
                0x20000e90       0x18 CMakeFiles/display_oled.dir/C_/Users/trafa/.pico-sdk/sdk/1.5.1/src/rp2_common/pico_stdio_usb/stdio_usb.c.obj
                0x20000e90                stdio_usb
 .data.ep_dir_string
                0x20000ea8        0x8 CMakeFiles/display_oled.dir/C_/Users/trafa/.pico-sdk/sdk/1.5.1/lib/tinyusb/src/portable/raspberrypi/rp2040/rp2040_usb.c.obj
                0x20000ea8                ep_dir_string
 .data._usbd_qdef
                0x20000eb0       0x1c CMakeFiles/display_oled.dir/C_/Users/trafa/.pico-sdk/sdk/1.5.1/lib/tinyusb/src/device/usbd.c.obj
                0x20000eb0                _usbd_qdef
 .data._usbd_rhport
                0x20000ecc        0x1 CMakeFiles/display_oled.dir/C_/Users/trafa/.pico-sdk/sdk/1.5.1/lib/tinyusb/src/device/usbd.c.obj
 *fill*         0x20000ecd        0x3 
 .data.i2c1_inst
                0x20000ed0        0x8 CMakeFiles/display_oled.dir/C_/Users/trafa/.pico-sdk/sdk/1.5.1/src/rp2_common/hardware_i2c/i2c.c.obj
                0x20000ed0                i2c1_inst
 .data.i2c0_inst
                0x20000ed8        0x8 CMakeFiles/display_oled.dir/C_/Users/trafa/.pico-sdk/sdk/1.5.1/src/rp2_common/hardware_i2c/i2c.c.obj
                0x20000ed8                i2c0_inst
 .data.__malloc_sbrk_base
                0x20000ee0        0x4 C:/Users/trafa/.pico-sdk/toolchain/13_3_Rel1/bin/../lib/gcc/arm-none-eabi/13.3.1/thumb/v6-m/nofp\libc.a(libc_a-mallocr.o)
                0x20000ee0                __malloc_sbrk_base
 .data.__malloc_trim_threshold
                0x20000ee4        0x4 C:/Users/trafa/.pico-sdk/toolchain/13_3_Rel1/bin/../lib/gcc/arm-none-eabi/13.3.1/thumb/v6-m/nofp\libc.a(libc_a-mallocr.o)
                0x20000ee4                __malloc_trim_threshold
 .data.__malloc_av_
                0x20000ee8      0x408 C:/Users/trafa/.pico-sdk/toolchain/13_3_Rel1/bin/../lib/gcc/arm-none-eabi/13.3.1/thumb/v6-m/nofp\libc.a(libc_a-mallocr.o)
                0x20000ee8                __malloc_av_
 .data._impure_ptr
                0x200012f0        0x4 C:/Users/trafa/.pico-sdk/toolchain/13_3_Rel1/bin/../lib/gcc/arm-none-eabi/13.3.1/thumb/v6-m/nofp\libc.a(libc_a-impure.o)
                0x200012f0                _impure_ptr
 *fill*         0x200012f4        0x4 
 .data._impure_data
                0x200012f8      0x140 C:/Users/trafa/.pico-sdk/toolchain/13_3_Rel1/bin/../lib/gcc/arm-none-eabi/13.3.1/thumb/v6-m/nofp\libc.a(libc_a-impure.o)
                0x200012f8                _impure_data
                0x20001438                        . = ALIGN (0x4)
 *(.after_data.*)
                0x20001438                        . = ALIGN (0x4)
                0x20001438                        PROVIDE (__mutex_array_start = .)
 *(SORT_BY_NAME(.mutex_array.*))
 *(.mutex_array)
 .mutex_array   0x20001438        0x8 CMakeFiles/display_oled.dir/C_/Users/trafa/.pico-sdk/sdk/1.5.1/src/rp2_common/pico_stdio/stdio.c.obj
                0x20001440                        PROVIDE (__mutex_array_end = .)
                0x20001440                        . = ALIGN (0x4)
                0x20001440                        PROVIDE (__preinit_array_start = .)
 *(SORT_BY_NAME(.preinit_array.*))
 .preinit_array.00001
                0x20001440        0x4 CMakeFiles/display_oled.dir/C_/Users/trafa/.pico-sdk/sdk/1.5.1/src/rp2_common/pico_mem_ops/mem_ops_aeabi.S.obj
 .preinit_array.00010
                0x20001444        0x4 CMakeFiles/display_oled.dir/C_/Users/trafa/.pico-sdk/sdk/1.5.1/src/rp2_common/pico_bit_ops/bit_ops_aeabi.S.obj
 .preinit_array.00020
                0x20001448        0x4 CMakeFiles/display_oled.dir/C_/Users/trafa/.pico-sdk/sdk/1.5.1/src/rp2_common/pico_double/double_aeabi.S.obj
 .preinit_array.00020
                0x2000144c        0x4 CMakeFiles/display_oled.dir/C_/Users/trafa/.pico-sdk/sdk/1.5.1/src/rp2_common/pico_float/float_aeabi.S.obj
 *(.preinit_array)
                0x20001450                        PROVIDE (__preinit_array_end = .)
                0x20001450                        . = ALIGN (0x4)
                0x20001450                        PROVIDE (__init_array_start = .)
 *(SORT_BY_NAME(.init_array.*))
 *(.init_array)
 .init_array    0x20001450        0x4 C:/Users/trafa/.pico-sdk/toolchain/13_3_Rel1/bin/../lib/gcc/arm-none-eabi/13.3.1/thumb/v6-m/nofp/crtbegin.o
 .init_array    0x20001454        0x4 CMakeFiles/display_oled.dir/C_/Users/trafa/.pico-sdk/sdk/1.5.1/src/rp2_common/pico_unique_id/unique_id.c.obj
                0x20001458                        PROVIDE (__init_array_end = .)
                0x20001458                        . = ALIGN (0x4)
                [!provide]                        PROVIDE (__fini_array_start = .)
 *(SORT_BY_NAME(.fini_array.*))
 *(.fini_array)
                [!provide]                        PROVIDE (__fini_array_end = .)
 *(.jcr)
                0x20001458                        . = ALIGN (0x4)
                0x20001458                        __data_end__ = .
                0x10005bb4                        __etext = LOADADDR (.data)

.tm_clone_table
                0x20001458        0x0 load address 0x10006f4c
 .tm_clone_table
                0x20001458        0x0 C:/Users/trafa/.pico-sdk/toolchain/13_3_Rel1/bin/../lib/gcc/arm-none-eabi/13.3.1/thumb/v6-m/nofp/crtbegin.o
 .tm_clone_table
                0x20001458        0x0 C:/Users/trafa/.pico-sdk/toolchain/13_3_Rel1/bin/../lib/gcc/arm-none-eabi/13.3.1/thumb/v6-m/nofp/crtend.o

.igot.plt       0x20001458        0x0 load address 0x10006f4c
 .igot.plt      0x20001458        0x0 C:/Users/trafa/.pico-sdk/toolchain/13_3_Rel1/bin/../lib/gcc/arm-none-eabi/13.3.1/thumb/v6-m/nofp/crtbegin.o

.uninitialized_data
                0x20001458        0x0 load address 0x10006f4c
                0x20001458                        . = ALIGN (0x4)
 *(.uninitialized_data*)

.scratch_x      0x20040000        0x0 load address 0x10006f4c
                0x20040000                        __scratch_x_start__ = .
 *(.scratch_x.*)
                0x20040000                        . = ALIGN (0x4)
                0x20040000                        __scratch_x_end__ = .
                0x10006f4c                        __scratch_x_source__ = LOADADDR (.scratch_x)

.scratch_y      0x20041000        0x0 load address 0x10006f4c
                0x20041000                        __scratch_y_start__ = .
 *(.scratch_y.*)
                0x20041000                        . = ALIGN (0x4)
                0x20041000                        __scratch_y_end__ = .
                0x10006f4c                        __scratch_y_source__ = LOADADDR (.scratch_y)

.bss            0x20001458     0x1300
                0x20001458                        . = ALIGN (0x4)
                0x20001458                        __bss_start__ = .
 *(SORT_BY_ALIGNMENT(SORT_BY_NAME(.bss*)))
 .bss.configured_freq
                0x20001458       0x28 CMakeFiles/display_oled.dir/C_/Users/trafa/.pico-sdk/sdk/1.5.1/src/rp2_common/hardware_clocks/clocks.c.obj
 .bss.default_alarm_pool_entries
                0x20001480      0x100 CMakeFiles/display_oled.dir/C_/Users/trafa/.pico-sdk/sdk/1.5.1/src/common/pico_time/time.c.obj
 .bss.last_avail_time.1
                0x20001580        0x8 CMakeFiles/display_oled.dir/C_/Users/trafa/.pico-sdk/sdk/1.5.1/src/rp2_common/pico_stdio_usb/stdio_usb.c.obj
 .bss.sd_table  0x20001588      0x100 CMakeFiles/display_oled.dir/C_/Users/trafa/.pico-sdk/sdk/1.5.1/src/rp2_common/pico_double/double_init_rom.c.obj
                0x20001588                sd_table
 .bss.A_state   0x20001688        0x4 CMakeFiles/display_oled.dir/display_oled.c.obj
                0x20001688                A_state
 .bss.__lock___malloc_recursive_mutex
                0x2000168c        0x1 C:/Users/trafa/.pico-sdk/toolchain/13_3_Rel1/bin/../lib/gcc/arm-none-eabi/13.3.1/thumb/v6-m/nofp\libc.a(libc_a-lock.o)
                0x2000168c                __lock___malloc_recursive_mutex
 *fill*         0x2000168d        0x3 
 .bss.__malloc_current_mallinfo
                0x20001690       0x28 C:/Users/trafa/.pico-sdk/toolchain/13_3_Rel1/bin/../lib/gcc/arm-none-eabi/13.3.1/thumb/v6-m/nofp\libc.a(libc_a-mallocr.o)
                0x20001690                __malloc_current_mallinfo
 .bss.__malloc_max_sbrked_mem
                0x200016b8        0x4 C:/Users/trafa/.pico-sdk/toolchain/13_3_Rel1/bin/../lib/gcc/arm-none-eabi/13.3.1/thumb/v6-m/nofp\libc.a(libc_a-mallocr.o)
                0x200016b8                __malloc_max_sbrked_mem
 .bss.__malloc_max_total_mem
                0x200016bc        0x4 C:/Users/trafa/.pico-sdk/toolchain/13_3_Rel1/bin/../lib/gcc/arm-none-eabi/13.3.1/thumb/v6-m/nofp\libc.a(libc_a-mallocr.o)
                0x200016bc                __malloc_max_total_mem
 .bss.__malloc_top_pad
                0x200016c0        0x4 C:/Users/trafa/.pico-sdk/toolchain/13_3_Rel1/bin/../lib/gcc/arm-none-eabi/13.3.1/thumb/v6-m/nofp\libc.a(libc_a-mallocr.o)
                0x200016c0                __malloc_top_pad
 .bss.__sf      0x200016c4      0x138 C:/Users/trafa/.pico-sdk/toolchain/13_3_Rel1/bin/../lib/gcc/arm-none-eabi/13.3.1/thumb/v6-m/nofp\libc.a(libc_a-findfp.o)
                0x200016c4                __sf
 .bss._app_driver
                0x200017fc        0x4 CMakeFiles/display_oled.dir/C_/Users/trafa/.pico-sdk/sdk/1.5.1/lib/tinyusb/src/device/usbd.c.obj
 .bss._cdcd_itf
                0x20001800      0x2c8 CMakeFiles/display_oled.dir/C_/Users/trafa/.pico-sdk/sdk/1.5.1/lib/tinyusb/src/class/cdc/cdc_device.c.obj
 .bss._ctrl_xfer
                0x20001ac8       0x14 CMakeFiles/display_oled.dir/C_/Users/trafa/.pico-sdk/sdk/1.5.1/lib/tinyusb/src/device/usbd_control.c.obj
 .bss._ubsd_mutexdef
                0x20001adc        0x8 CMakeFiles/display_oled.dir/C_/Users/trafa/.pico-sdk/sdk/1.5.1/lib/tinyusb/src/device/usbd.c.obj
 .bss._usbd_ctrl_buf
                0x20001ae4       0x40 CMakeFiles/display_oled.dir/C_/Users/trafa/.pico-sdk/sdk/1.5.1/lib/tinyusb/src/device/usbd_control.c.obj
 .bss._usbd_dev
                0x20001b24       0x53 CMakeFiles/display_oled.dir/C_/Users/trafa/.pico-sdk/sdk/1.5.1/lib/tinyusb/src/device/usbd.c.obj
 *fill*         0x20001b77        0x1 
 .bss._usbd_mutex
                0x20001b78        0x4 CMakeFiles/display_oled.dir/C_/Users/trafa/.pico-sdk/sdk/1.5.1/lib/tinyusb/src/device/usbd.c.obj
 .bss._usbd_q   0x20001b7c        0x4 CMakeFiles/display_oled.dir/C_/Users/trafa/.pico-sdk/sdk/1.5.1/lib/tinyusb/src/device/usbd.c.obj
 .bss._usbd_qdef_buf
                0x20001b80       0xc0 CMakeFiles/display_oled.dir/C_/Users/trafa/.pico-sdk/sdk/1.5.1/lib/tinyusb/src/device/usbd.c.obj
                0x20001b80                _usbd_qdef_buf
 .bss.alarm_callbacks
                0x20001c40       0x10 CMakeFiles/display_oled.dir/C_/Users/trafa/.pico-sdk/sdk/1.5.1/src/rp2_common/hardware_timer/timer.c.obj
 .bss.boot2_copyout
                0x20001c50      0x100 CMakeFiles/display_oled.dir/C_/Users/trafa/.pico-sdk/sdk/1.5.1/src/rp2_common/hardware_flash/flash.c.obj
 .bss.chars_available_callback
                0x20001d50        0x4 CMakeFiles/display_oled.dir/C_/Users/trafa/.pico-sdk/sdk/1.5.1/src/rp2_common/pico_stdio_usb/stdio_usb.c.obj
 .bss.chars_available_param
                0x20001d54        0x4 CMakeFiles/display_oled.dir/C_/Users/trafa/.pico-sdk/sdk/1.5.1/src/rp2_common/pico_stdio_usb/stdio_usb.c.obj
 .bss.claimed   0x20001d58        0x4 CMakeFiles/display_oled.dir/C_/Users/trafa/.pico-sdk/sdk/1.5.1/src/rp2_common/hardware_sync/sync.c.obj
 .bss.default_alarm_pool_entry_ids_high
                0x20001d5c       0x10 CMakeFiles/display_oled.dir/C_/Users/trafa/.pico-sdk/sdk/1.5.1/src/common/pico_time/time.c.obj
 .bss.default_alarm_pool_heap_nodes
                0x20001d6c       0x30 CMakeFiles/display_oled.dir/C_/Users/trafa/.pico-sdk/sdk/1.5.1/src/common/pico_time/time.c.obj
 .bss.desc_str.0
                0x20001d9c       0x28 CMakeFiles/display_oled.dir/C_/Users/trafa/.pico-sdk/sdk/1.5.1/src/rp2_common/pico_stdio_usb/stdio_usb_descriptors.c.obj
 .bss.drivers   0x20001dc4        0x4 CMakeFiles/display_oled.dir/C_/Users/trafa/.pico-sdk/sdk/1.5.1/src/rp2_common/pico_stdio/stdio.c.obj
 .bss.e15_last_sof
                0x20001dc8        0x4 CMakeFiles/display_oled.dir/C_/Users/trafa/.pico-sdk/sdk/1.5.1/lib/tinyusb/src/portable/raspberrypi/rp2040/rp2040_usb.c.obj
                0x20001dc8                e15_last_sof
 .bss.errno     0x20001dcc        0x4 C:/Users/trafa/.pico-sdk/toolchain/13_3_Rel1/bin/../lib/gcc/arm-none-eabi/13.3.1/thumb/v6-m/nofp\libc.a(libc_a-reent.o)
                0x20001dcc                errno
 .bss.filter    0x20001dd0        0x4 CMakeFiles/display_oled.dir/C_/Users/trafa/.pico-sdk/sdk/1.5.1/src/rp2_common/pico_stdio/stdio.c.obj
 .bss.heap_end.0
                0x20001dd4        0x4 CMakeFiles/display_oled.dir/C_/Users/trafa/.pico-sdk/sdk/1.5.1/src/rp2_common/pico_runtime/runtime.c.obj
 .bss.hw_endpoints
                0x20001dd8      0x400 CMakeFiles/display_oled.dir/C_/Users/trafa/.pico-sdk/sdk/1.5.1/lib/tinyusb/src/portable/raspberrypi/rp2040/dcd_rp2040.c.obj
 .bss.lazy_vsnprintf
                0x200021d8        0x4 CMakeFiles/display_oled.dir/C_/Users/trafa/.pico-sdk/sdk/1.5.1/src/rp2_common/pico_printf/printf.c.obj
 .bss.load_value
                0x200021dc        0x4 CMakeFiles/display_oled.dir/C_/Users/trafa/.pico-sdk/sdk/1.5.1/src/rp2_common/hardware_watchdog/watchdog.c.obj
 .bss.next_buffer_ptr
                0x200021e0        0x4 CMakeFiles/display_oled.dir/C_/Users/trafa/.pico-sdk/sdk/1.5.1/lib/tinyusb/src/portable/raspberrypi/rp2040/dcd_rp2040.c.obj
 .bss.object.0  0x200021e4       0x18 C:/Users/trafa/.pico-sdk/toolchain/13_3_Rel1/bin/../lib/gcc/arm-none-eabi/13.3.1/thumb/v6-m/nofp/crtbegin.o
 .bss.one_shot_timer_crit_sec
                0x200021fc        0x8 CMakeFiles/display_oled.dir/C_/Users/trafa/.pico-sdk/sdk/1.5.1/src/rp2_common/pico_stdio_usb/stdio_usb.c.obj
 .bss.pools     0x20002204       0x10 CMakeFiles/display_oled.dir/C_/Users/trafa/.pico-sdk/sdk/1.5.1/src/common/pico_time/time.c.obj
 .bss.retrieved_id
                0x20002214        0x8 CMakeFiles/display_oled.dir/C_/Users/trafa/.pico-sdk/sdk/1.5.1/src/rp2_common/pico_unique_id/unique_id.c.obj
 .bss.sf_clz_func
                0x2000221c        0x4 CMakeFiles/display_oled.dir/C_/Users/trafa/.pico-sdk/sdk/1.5.1/src/rp2_common/pico_double/double_init_rom.c.obj
                0x2000221c                sf_clz_func
 .bss.sf_table  0x20002220      0x100 CMakeFiles/display_oled.dir/C_/Users/trafa/.pico-sdk/sdk/1.5.1/src/rp2_common/pico_float/float_init_rom.c.obj
                0x20002220                sf_table
 .bss.sleep_notifier
                0x20002320        0x4 CMakeFiles/display_oled.dir/C_/Users/trafa/.pico-sdk/sdk/1.5.1/src/common/pico_time/time.c.obj
 .bss.ssd       0x20002324      0x400 CMakeFiles/display_oled.dir/display_oled.c.obj
                0x20002324                ssd
 .bss.stdio_usb_mutex
                0x20002724        0x8 CMakeFiles/display_oled.dir/C_/Users/trafa/.pico-sdk/sdk/1.5.1/src/rp2_common/pico_stdio_usb/stdio_usb.c.obj
 .bss.target_hi
                0x2000272c       0x10 CMakeFiles/display_oled.dir/C_/Users/trafa/.pico-sdk/sdk/1.5.1/src/rp2_common/hardware_timer/timer.c.obj
 .bss.usbd_serial_str
                0x2000273c       0x11 CMakeFiles/display_oled.dir/C_/Users/trafa/.pico-sdk/sdk/1.5.1/src/rp2_common/pico_stdio_usb/stdio_usb_descriptors.c.obj
 .bss._app_driver_count
                0x2000274d        0x1 CMakeFiles/display_oled.dir/C_/Users/trafa/.pico-sdk/sdk/1.5.1/lib/tinyusb/src/device/usbd.c.obj
 .bss._sof_enable
                0x2000274e        0x1 CMakeFiles/display_oled.dir/C_/Users/trafa/.pico-sdk/sdk/1.5.1/lib/tinyusb/src/portable/raspberrypi/rp2040/dcd_rp2040.c.obj
 .bss.boot2_copyout_valid
                0x2000274f        0x1 CMakeFiles/display_oled.dir/C_/Users/trafa/.pico-sdk/sdk/1.5.1/src/rp2_common/hardware_flash/flash.c.obj
 .bss.claimed   0x20002750        0x1 CMakeFiles/display_oled.dir/C_/Users/trafa/.pico-sdk/sdk/1.5.1/src/rp2_common/hardware_timer/timer.c.obj
 .bss.irq_hander_chain_free_slot_head
                0x20002751        0x1 CMakeFiles/display_oled.dir/C_/Users/trafa/.pico-sdk/sdk/1.5.1/src/rp2_common/hardware_irq/irq.c.obj
 .bss.itf_num   0x20002752        0x1 CMakeFiles/display_oled.dir/C_/Users/trafa/.pico-sdk/sdk/1.5.1/src/rp2_common/pico_stdio_usb/reset_interface.c.obj
 .bss.low_priority_irq_num
                0x20002753        0x1 CMakeFiles/display_oled.dir/C_/Users/trafa/.pico-sdk/sdk/1.5.1/src/rp2_common/pico_stdio_usb/stdio_usb.c.obj
 .bss.one_shot_timer_pending
                0x20002754        0x1 CMakeFiles/display_oled.dir/C_/Users/trafa/.pico-sdk/sdk/1.5.1/src/rp2_common/pico_stdio_usb/stdio_usb.c.obj
 .bss.timer_callbacks_pending
                0x20002755        0x1 CMakeFiles/display_oled.dir/C_/Users/trafa/.pico-sdk/sdk/1.5.1/src/rp2_common/hardware_timer/timer.c.obj
 .bss.user_irq_claimed
                0x20002756        0x1 CMakeFiles/display_oled.dir/C_/Users/trafa/.pico-sdk/sdk/1.5.1/src/rp2_common/hardware_irq/irq.c.obj
 *(COMMON)
                0x20002758                        . = ALIGN (0x4)
 *fill*         0x20002757        0x1 
                0x20002758                        __bss_end__ = .

.heap           0x20002758      0x800
                0x20002758                        __end__ = .
                0x20002758                        end = __end__
 *(.heap*)
 .heap          0x20002758      0x800 CMakeFiles/display_oled.dir/C_/Users/trafa/.pico-sdk/sdk/1.5.1/src/rp2_common/pico_standard_link/crt0.S.obj
                0x20002f58                        __HeapLimit = .

.stack1_dummy
 *(.stack1*)

.stack_dummy    0x20041000      0x800
 *(.stack*)
 .stack         0x20041000      0x800 CMakeFiles/display_oled.dir/C_/Users/trafa/.pico-sdk/sdk/1.5.1/src/rp2_common/pico_standard_link/crt0.S.obj

.flash_end      0x10006f4c        0x0
                0x10006f4c                        PROVIDE (__flash_binary_end = .)
                0x20040000                        __StackLimit = (ORIGIN (RAM) + LENGTH (RAM))
                0x20041000                        __StackOneTop = (ORIGIN (SCRATCH_X) + LENGTH (SCRATCH_X))
                0x20042000                        __StackTop = (ORIGIN (SCRATCH_Y) + LENGTH (SCRATCH_Y))
                0x20041000                        __StackOneBottom = (__StackOneTop - SIZEOF (.stack1_dummy))
                0x20041800                        __StackBottom = (__StackTop - SIZEOF (.stack_dummy))
                0x20042000                        PROVIDE (__stack = __StackTop)
                0x00000001                        ASSERT ((__StackLimit >= __HeapLimit), region RAM overflowed)
                0x00000001                        ASSERT (((__binary_info_header_end - __logical_binary_start) <= 0x100), Binary info must be in first 256 bytes of the binary)
LOAD CMakeFiles/display_oled.dir/display_oled.c.obj
LOAD CMakeFiles/display_oled.dir/inc/ssd1306_i2c.c.obj
LOAD CMakeFiles/display_oled.dir/C_/Users/trafa/.pico-sdk/sdk/1.5.1/src/rp2_common/pico_stdlib/stdlib.c.obj
LOAD CMakeFiles/display_oled.dir/C_/Users/trafa/.pico-sdk/sdk/1.5.1/src/rp2_common/hardware_gpio/gpio.c.obj
LOAD CMakeFiles/display_oled.dir/C_/Users/trafa/.pico-sdk/sdk/1.5.1/src/rp2_common/pico_platform/platform.c.obj
LOAD CMakeFiles/display_oled.dir/C_/Users/trafa/.pico-sdk/sdk/1.5.1/src/rp2_common/hardware_claim/claim.c.obj
LOAD CMakeFiles/display_oled.dir/C_/Users/trafa/.pico-sdk/sdk/1.5.1/src/rp2_common/hardware_sync/sync.c.obj
LOAD CMakeFiles/display_oled.dir/C_/Users/trafa/.pico-sdk/sdk/1.5.1/src/rp2_common/hardware_irq/irq.c.obj
LOAD CMakeFiles/display_oled.dir/C_/Users/trafa/.pico-sdk/sdk/1.5.1/src/rp2_common/hardware_irq/irq_handler_chain.S.obj
LOAD CMakeFiles/display_oled.dir/C_/Users/trafa/.pico-sdk/sdk/1.5.1/src/common/pico_sync/sem.c.obj
LOAD CMakeFiles/display_oled.dir/C_/Users/trafa/.pico-sdk/sdk/1.5.1/src/common/pico_sync/lock_core.c.obj
LOAD CMakeFiles/display_oled.dir/C_/Users/trafa/.pico-sdk/sdk/1.5.1/src/common/pico_sync/mutex.c.obj
LOAD CMakeFiles/display_oled.dir/C_/Users/trafa/.pico-sdk/sdk/1.5.1/src/common/pico_sync/critical_section.c.obj
LOAD CMakeFiles/display_oled.dir/C_/Users/trafa/.pico-sdk/sdk/1.5.1/src/common/pico_time/time.c.obj
LOAD CMakeFiles/display_oled.dir/C_/Users/trafa/.pico-sdk/sdk/1.5.1/src/common/pico_time/timeout_helper.c.obj
LOAD CMakeFiles/display_oled.dir/C_/Users/trafa/.pico-sdk/sdk/1.5.1/src/rp2_common/hardware_timer/timer.c.obj
LOAD CMakeFiles/display_oled.dir/C_/Users/trafa/.pico-sdk/sdk/1.5.1/src/common/pico_util/datetime.c.obj
LOAD CMakeFiles/display_oled.dir/C_/Users/trafa/.pico-sdk/sdk/1.5.1/src/common/pico_util/pheap.c.obj
LOAD CMakeFiles/display_oled.dir/C_/Users/trafa/.pico-sdk/sdk/1.5.1/src/common/pico_util/queue.c.obj
LOAD CMakeFiles/display_oled.dir/C_/Users/trafa/.pico-sdk/sdk/1.5.1/src/rp2_common/hardware_uart/uart.c.obj
LOAD CMakeFiles/display_oled.dir/C_/Users/trafa/.pico-sdk/sdk/1.5.1/src/rp2_common/hardware_clocks/clocks.c.obj
LOAD CMakeFiles/display_oled.dir/C_/Users/trafa/.pico-sdk/sdk/1.5.1/src/rp2_common/hardware_pll/pll.c.obj
LOAD CMakeFiles/display_oled.dir/C_/Users/trafa/.pico-sdk/sdk/1.5.1/src/rp2_common/hardware_vreg/vreg.c.obj
LOAD CMakeFiles/display_oled.dir/C_/Users/trafa/.pico-sdk/sdk/1.5.1/src/rp2_common/hardware_watchdog/watchdog.c.obj
LOAD CMakeFiles/display_oled.dir/C_/Users/trafa/.pico-sdk/sdk/1.5.1/src/rp2_common/hardware_xosc/xosc.c.obj
LOAD CMakeFiles/display_oled.dir/C_/Users/trafa/.pico-sdk/sdk/1.5.1/src/rp2_common/hardware_divider/divider.S.obj
LOAD CMakeFiles/display_oled.dir/C_/Users/trafa/.pico-sdk/sdk/1.5.1/src/rp2_common/pico_runtime/runtime.c.obj
LOAD CMakeFiles/display_oled.dir/C_/Users/trafa/.pico-sdk/sdk/1.5.1/src/rp2_common/pico_printf/printf.c.obj
LOAD CMakeFiles/display_oled.dir/C_/Users/trafa/.pico-sdk/sdk/1.5.1/src/rp2_common/pico_bit_ops/bit_ops_aeabi.S.obj
LOAD CMakeFiles/display_oled.dir/C_/Users/trafa/.pico-sdk/sdk/1.5.1/src/rp2_common/pico_bootrom/bootrom.c.obj
LOAD CMakeFiles/display_oled.dir/C_/Users/trafa/.pico-sdk/sdk/1.5.1/src/rp2_common/pico_divider/divider.S.obj
LOAD CMakeFiles/display_oled.dir/C_/Users/trafa/.pico-sdk/sdk/1.5.1/src/rp2_common/pico_double/double_aeabi.S.obj
LOAD CMakeFiles/display_oled.dir/C_/Users/trafa/.pico-sdk/sdk/1.5.1/src/rp2_common/pico_double/double_init_rom.c.obj
LOAD CMakeFiles/display_oled.dir/C_/Users/trafa/.pico-sdk/sdk/1.5.1/src/rp2_common/pico_double/double_math.c.obj
LOAD CMakeFiles/display_oled.dir/C_/Users/trafa/.pico-sdk/sdk/1.5.1/src/rp2_common/pico_double/double_v1_rom_shim.S.obj
LOAD CMakeFiles/display_oled.dir/C_/Users/trafa/.pico-sdk/sdk/1.5.1/src/rp2_common/pico_int64_ops/pico_int64_ops_aeabi.S.obj
LOAD CMakeFiles/display_oled.dir/C_/Users/trafa/.pico-sdk/sdk/1.5.1/src/rp2_common/pico_float/float_aeabi.S.obj
LOAD CMakeFiles/display_oled.dir/C_/Users/trafa/.pico-sdk/sdk/1.5.1/src/rp2_common/pico_float/float_init_rom.c.obj
LOAD CMakeFiles/display_oled.dir/C_/Users/trafa/.pico-sdk/sdk/1.5.1/src/rp2_common/pico_float/float_math.c.obj
LOAD CMakeFiles/display_oled.dir/C_/Users/trafa/.pico-sdk/sdk/1.5.1/src/rp2_common/pico_float/float_v1_rom_shim.S.obj
LOAD CMakeFiles/display_oled.dir/C_/Users/trafa/.pico-sdk/sdk/1.5.1/src/rp2_common/pico_malloc/pico_malloc.c.obj
LOAD CMakeFiles/display_oled.dir/C_/Users/trafa/.pico-sdk/sdk/1.5.1/src/rp2_common/pico_mem_ops/mem_ops_aeabi.S.obj
LOAD CMakeFiles/display_oled.dir/C_/Users/trafa/.pico-sdk/sdk/1.5.1/src/rp2_common/pico_standard_link/crt0.S.obj
LOAD CMakeFiles/display_oled.dir/C_/Users/trafa/.pico-sdk/sdk/1.5.1/src/rp2_common/pico_standard_link/new_delete.cpp.obj
LOAD CMakeFiles/display_oled.dir/C_/Users/trafa/.pico-sdk/sdk/1.5.1/src/rp2_common/pico_standard_link/binary_info.c.obj
LOAD CMakeFiles/display_oled.dir/C_/Users/trafa/.pico-sdk/sdk/1.5.1/src/rp2_common/pico_stdio/stdio.c.obj
LOAD CMakeFiles/display_oled.dir/C_/Users/trafa/.pico-sdk/sdk/1.5.1/src/rp2_common/pico_stdio_usb/reset_interface.c.obj
LOAD CMakeFiles/display_oled.dir/C_/Users/trafa/.pico-sdk/sdk/1.5.1/src/rp2_common/pico_stdio_usb/stdio_usb.c.obj
LOAD CMakeFiles/display_oled.dir/C_/Users/trafa/.pico-sdk/sdk/1.5.1/src/rp2_common/pico_stdio_usb/stdio_usb_descriptors.c.obj
LOAD CMakeFiles/display_oled.dir/C_/Users/trafa/.pico-sdk/sdk/1.5.1/src/rp2_common/pico_unique_id/unique_id.c.obj
LOAD CMakeFiles/display_oled.dir/C_/Users/trafa/.pico-sdk/sdk/1.5.1/src/rp2_common/hardware_flash/flash.c.obj
LOAD CMakeFiles/display_oled.dir/C_/Users/trafa/.pico-sdk/sdk/1.5.1/lib/tinyusb/src/portable/raspberrypi/rp2040/dcd_rp2040.c.obj
LOAD CMakeFiles/display_oled.dir/C_/Users/trafa/.pico-sdk/sdk/1.5.1/lib/tinyusb/src/portable/raspberrypi/rp2040/rp2040_usb.c.obj
LOAD CMakeFiles/display_oled.dir/C_/Users/trafa/.pico-sdk/sdk/1.5.1/lib/tinyusb/src/device/usbd.c.obj
LOAD CMakeFiles/display_oled.dir/C_/Users/trafa/.pico-sdk/sdk/1.5.1/lib/tinyusb/src/device/usbd_control.c.obj
LOAD CMakeFiles/display_oled.dir/C_/Users/trafa/.pico-sdk/sdk/1.5.1/lib/tinyusb/src/class/audio/audio_device.c.obj
LOAD CMakeFiles/display_oled.dir/C_/Users/trafa/.pico-sdk/sdk/1.5.1/lib/tinyusb/src/class/cdc/cdc_device.c.obj
LOAD CMakeFiles/display_oled.dir/C_/Users/trafa/.pico-sdk/sdk/1.5.1/lib/tinyusb/src/class/dfu/dfu_device.c.obj
LOAD CMakeFiles/display_oled.dir/C_/Users/trafa/.pico-sdk/sdk/1.5.1/lib/tinyusb/src/class/dfu/dfu_rt_device.c.obj
LOAD CMakeFiles/display_oled.dir/C_/Users/trafa/.pico-sdk/sdk/1.5.1/lib/tinyusb/src/class/hid/hid_device.c.obj
LOAD CMakeFiles/display_oled.dir/C_/Users/trafa/.pico-sdk/sdk/1.5.1/lib/tinyusb/src/class/midi/midi_device.c.obj
LOAD CMakeFiles/display_oled.dir/C_/Users/trafa/.pico-sdk/sdk/1.5.1/lib/tinyusb/src/class/msc/msc_device.c.obj
LOAD CMakeFiles/display_oled.dir/C_/Users/trafa/.pico-sdk/sdk/1.5.1/lib/tinyusb/src/class/net/ecm_rndis_device.c.obj
LOAD CMakeFiles/display_oled.dir/C_/Users/trafa/.pico-sdk/sdk/1.5.1/lib/tinyusb/src/class/net/ncm_device.c.obj
LOAD CMakeFiles/display_oled.dir/C_/Users/trafa/.pico-sdk/sdk/1.5.1/lib/tinyusb/src/class/usbtmc/usbtmc_device.c.obj
LOAD CMakeFiles/display_oled.dir/C_/Users/trafa/.pico-sdk/sdk/1.5.1/lib/tinyusb/src/class/vendor/vendor_device.c.obj
LOAD CMakeFiles/display_oled.dir/C_/Users/trafa/.pico-sdk/sdk/1.5.1/lib/tinyusb/src/class/video/video_device.c.obj
LOAD CMakeFiles/display_oled.dir/C_/Users/trafa/.pico-sdk/sdk/1.5.1/lib/tinyusb/src/tusb.c.obj
LOAD CMakeFiles/display_oled.dir/C_/Users/trafa/.pico-sdk/sdk/1.5.1/lib/tinyusb/src/common/tusb_fifo.c.obj
LOAD CMakeFiles/display_oled.dir/C_/Users/trafa/.pico-sdk/sdk/1.5.1/src/rp2_common/pico_fix/rp2040_usb_device_enumeration/rp2040_usb_device_enumeration.c.obj
LOAD CMakeFiles/display_oled.dir/C_/Users/trafa/.pico-sdk/sdk/1.5.1/src/rp2_common/hardware_i2c/i2c.c.obj
LOAD C:\Users\trafa\AppData\Local\Temp\ccSGbskH.o
LOAD C:/Users/trafa/.pico-sdk/toolchain/13_3_Rel1/bin/../lib/gcc/arm-none-eabi/13.3.1/thumb/v6-m/nofp\libstdc++.a
LOAD C:/Users/trafa/.pico-sdk/toolchain/13_3_Rel1/bin/../lib/gcc/arm-none-eabi/13.3.1/thumb/v6-m/nofp\libm.a
START GROUP
LOAD C:/Users/trafa/.pico-sdk/toolchain/13_3_Rel1/bin/../lib/gcc/arm-none-eabi/13.3.1/thumb/v6-m/nofp\libgcc.a
LOAD C:/Users/trafa/.pico-sdk/toolchain/13_3_Rel1/bin/../lib/gcc/arm-none-eabi/13.3.1/thumb/v6-m/nofp\libc.a
END GROUP
START GROUP
LOAD C:/Users/trafa/.pico-sdk/toolchain/13_3_Rel1/bin/../lib/gcc/arm-none-eabi/13.3.1/thumb/v6-m/nofp\libgcc.a
LOAD C:/Users/trafa/.pico-sdk/toolchain/13_3_Rel1/bin/../lib/gcc/arm-none-eabi/13.3.1/thumb/v6-m/nofp\libc.a
LOAD C:/Users/trafa/.pico-sdk/toolchain/13_3_Rel1/bin/../lib/gcc/arm-none-eabi/13.3.1/thumb/v6-m/nofp\libnosys.a
END GROUP
LOAD C:/Users/trafa/.pico-sdk/toolchain/13_3_Rel1/bin/../lib/gcc/arm-none-eabi/13.3.1/thumb/v6-m/nofp/crtend.o
LOAD C:/Users/trafa/.pico-sdk/toolchain/13_3_Rel1/bin/../lib/gcc/arm-none-eabi/13.3.1/thumb/v6-m/nofp/crtn.o
OUTPUT(display_oled.elf elf32-littlearm)
LOAD linker stubs

.ARM.attributes
                0x00000000       0x28
 .ARM.attributes
                0x00000000       0x1e C:/Users/trafa/.pico-sdk/toolchain/13_3_Rel1/bin/../lib/gcc/arm-none-eabi/13.3.1/thumb/v6-m/nofp/crti.o
 .ARM.attributes
                0x0000001e       0x2c C:/Users/trafa/.pico-sdk/toolchain/13_3_Rel1/bin/../lib/gcc/arm-none-eabi/13.3.1/thumb/v6-m/nofp/crtbegin.o
 .ARM.attributes
                0x0000004a       0x2c CMakeFiles/display_oled.dir/display_oled.c.obj
 .ARM.attributes
                0x00000076       0x2c CMakeFiles/display_oled.dir/inc/ssd1306_i2c.c.obj
 .ARM.attributes
                0x000000a2       0x2c CMakeFiles/display_oled.dir/C_/Users/trafa/.pico-sdk/sdk/1.5.1/src/rp2_common/hardware_gpio/gpio.c.obj
 .ARM.attributes
                0x000000ce       0x2c CMakeFiles/display_oled.dir/C_/Users/trafa/.pico-sdk/sdk/1.5.1/src/rp2_common/pico_platform/platform.c.obj
 .ARM.attributes
                0x000000fa       0x2c CMakeFiles/display_oled.dir/C_/Users/trafa/.pico-sdk/sdk/1.5.1/src/rp2_common/hardware_claim/claim.c.obj
 .ARM.attributes
                0x00000126       0x2c CMakeFiles/display_oled.dir/C_/Users/trafa/.pico-sdk/sdk/1.5.1/src/rp2_common/hardware_sync/sync.c.obj
 .ARM.attributes
                0x00000152       0x2c CMakeFiles/display_oled.dir/C_/Users/trafa/.pico-sdk/sdk/1.5.1/src/rp2_common/hardware_irq/irq.c.obj
 .ARM.attributes
                0x0000017e       0x22 CMakeFiles/display_oled.dir/C_/Users/trafa/.pico-sdk/sdk/1.5.1/src/rp2_common/hardware_irq/irq_handler_chain.S.obj
 .ARM.attributes
                0x000001a0       0x2c CMakeFiles/display_oled.dir/C_/Users/trafa/.pico-sdk/sdk/1.5.1/src/common/pico_sync/lock_core.c.obj
 .ARM.attributes
                0x000001cc       0x2c CMakeFiles/display_oled.dir/C_/Users/trafa/.pico-sdk/sdk/1.5.1/src/common/pico_sync/mutex.c.obj
 .ARM.attributes
                0x000001f8       0x2c CMakeFiles/display_oled.dir/C_/Users/trafa/.pico-sdk/sdk/1.5.1/src/common/pico_sync/critical_section.c.obj
 .ARM.attributes
                0x00000224       0x2c CMakeFiles/display_oled.dir/C_/Users/trafa/.pico-sdk/sdk/1.5.1/src/common/pico_time/time.c.obj
 .ARM.attributes
                0x00000250       0x2c CMakeFiles/display_oled.dir/C_/Users/trafa/.pico-sdk/sdk/1.5.1/src/rp2_common/hardware_timer/timer.c.obj
 .ARM.attributes
                0x0000027c       0x2c CMakeFiles/display_oled.dir/C_/Users/trafa/.pico-sdk/sdk/1.5.1/src/common/pico_util/pheap.c.obj
 .ARM.attributes
                0x000002a8       0x2c CMakeFiles/display_oled.dir/C_/Users/trafa/.pico-sdk/sdk/1.5.1/src/rp2_common/hardware_clocks/clocks.c.obj
 .ARM.attributes
                0x000002d4       0x2c CMakeFiles/display_oled.dir/C_/Users/trafa/.pico-sdk/sdk/1.5.1/src/rp2_common/hardware_pll/pll.c.obj
 .ARM.attributes
                0x00000300       0x2c CMakeFiles/display_oled.dir/C_/Users/trafa/.pico-sdk/sdk/1.5.1/src/rp2_common/hardware_watchdog/watchdog.c.obj
 .ARM.attributes
                0x0000032c       0x2c CMakeFiles/display_oled.dir/C_/Users/trafa/.pico-sdk/sdk/1.5.1/src/rp2_common/hardware_xosc/xosc.c.obj
 .ARM.attributes
                0x00000358       0x2c CMakeFiles/display_oled.dir/C_/Users/trafa/.pico-sdk/sdk/1.5.1/src/rp2_common/pico_runtime/runtime.c.obj
 .ARM.attributes
                0x00000384       0x2c CMakeFiles/display_oled.dir/C_/Users/trafa/.pico-sdk/sdk/1.5.1/src/rp2_common/pico_printf/printf.c.obj
 .ARM.attributes
                0x000003b0       0x22 CMakeFiles/display_oled.dir/C_/Users/trafa/.pico-sdk/sdk/1.5.1/src/rp2_common/pico_bit_ops/bit_ops_aeabi.S.obj
 .ARM.attributes
                0x000003d2       0x2c CMakeFiles/display_oled.dir/C_/Users/trafa/.pico-sdk/sdk/1.5.1/src/rp2_common/pico_bootrom/bootrom.c.obj
 .ARM.attributes
                0x000003fe       0x22 CMakeFiles/display_oled.dir/C_/Users/trafa/.pico-sdk/sdk/1.5.1/src/rp2_common/pico_divider/divider.S.obj
 .ARM.attributes
                0x00000420       0x22 CMakeFiles/display_oled.dir/C_/Users/trafa/.pico-sdk/sdk/1.5.1/src/rp2_common/pico_double/double_aeabi.S.obj
 .ARM.attributes
                0x00000442       0x2c CMakeFiles/display_oled.dir/C_/Users/trafa/.pico-sdk/sdk/1.5.1/src/rp2_common/pico_double/double_init_rom.c.obj
 .ARM.attributes
                0x0000046e       0x22 CMakeFiles/display_oled.dir/C_/Users/trafa/.pico-sdk/sdk/1.5.1/src/rp2_common/pico_double/double_v1_rom_shim.S.obj
 .ARM.attributes
                0x00000490       0x22 CMakeFiles/display_oled.dir/C_/Users/trafa/.pico-sdk/sdk/1.5.1/src/rp2_common/pico_int64_ops/pico_int64_ops_aeabi.S.obj
 .ARM.attributes
                0x000004b2       0x22 CMakeFiles/display_oled.dir/C_/Users/trafa/.pico-sdk/sdk/1.5.1/src/rp2_common/pico_float/float_aeabi.S.obj
 .ARM.attributes
                0x000004d4       0x2c CMakeFiles/display_oled.dir/C_/Users/trafa/.pico-sdk/sdk/1.5.1/src/rp2_common/pico_float/float_init_rom.c.obj
 .ARM.attributes
                0x00000500       0x2c CMakeFiles/display_oled.dir/C_/Users/trafa/.pico-sdk/sdk/1.5.1/src/rp2_common/pico_malloc/pico_malloc.c.obj
 .ARM.attributes
                0x0000052c       0x22 CMakeFiles/display_oled.dir/C_/Users/trafa/.pico-sdk/sdk/1.5.1/src/rp2_common/pico_mem_ops/mem_ops_aeabi.S.obj
 .ARM.attributes
                0x0000054e       0x22 CMakeFiles/display_oled.dir/C_/Users/trafa/.pico-sdk/sdk/1.5.1/src/rp2_common/pico_standard_link/crt0.S.obj
 .ARM.attributes